---
source: crates/specforge-emitter/tests/outline.rs
expression: "render(&outline, &opts)"
---
flowchart TB

    subgraph specforge_product["  @specforge/product v1.0.0  "]
        specforge_product_card["<b>9 entities · 20 edges · 61 rules</b><br>─────────────────────────<br>feature · journey · deliverable<br>milestone · module · term<br>persona · channel · release<br>─────────────────────────<br><i>40 CLI cmds</i><br><i>shared: tags</i>"]
    end
    classDef cls_specforge_product fill:#fff,stroke:#66bb6a,stroke-width:1.5px,color:#333
    class specforge_product_card cls_specforge_product

    subgraph specforge_software["  @specforge/software v1.0.0  "]
        specforge_software_card["<b>5 entities · 15 edges · 11 rules</b><br>─────────────────────────<br>behavior · invariant · event<br>type · port<br>─────────────────────────<br><i>enhances: module +2 · milestone +1</i>"]
    end
    classDef cls_specforge_software fill:#fff,stroke:#42a5f5,stroke-width:1.5px,color:#333
    class specforge_software_card cls_specforge_software

    subgraph specforge_governance["  @specforge/governance v1.0.0  "]
        specforge_governance_card["<b>3 entities · 11 edges · 7 rules</b><br>─────────────────────────<br>decision · constraint · failure_mode"]
    end
    classDef cls_specforge_governance fill:#fff,stroke:#ffca28,stroke-width:1.5px,color:#333
    class specforge_governance_card cls_specforge_governance

    subgraph specforge_formal["  @specforge/formal v1.0.0  "]
        specforge_formal_card["<b>5 entities · 13 edges · 13 rules</b><br>─────────────────────────<br>property · axiom · protocol<br>refinement · process<br>─────────────────────────<br><i>enhances: behavior +7 · event +3 · invariant +1</i>"]
    end
    classDef cls_specforge_formal fill:#fff,stroke:#ab47bc,stroke-width:1.5px,color:#333
    class specforge_formal_card cls_specforge_formal

    specforge_formal -->|"depends on"| specforge_software
    specforge_software -.->|"optional dep"| specforge_product
    specforge_governance -.->|"optional dep"| specforge_software
    specforge_governance -.->|"optional dep"| specforge_product
    specforge_formal -.->|"optional dep"| specforge_product
    specforge_software -.->|"enhances module"| specforge_product
    specforge_software -.->|"enhances milestone"| specforge_product
    specforge_formal -.->|"enhances behavior"| specforge_software
    specforge_formal -.->|"enhances event"| specforge_software
    specforge_formal -.->|"enhances invariant"| specforge_software

    style specforge_product fill:#e8f5e9,stroke:#2e7d32,stroke-width:2px,color:#1b5e20
    style specforge_software fill:#e3f2fd,stroke:#1565c0,stroke-width:2px,color:#0d47a1
    style specforge_governance fill:#fffde7,stroke:#f9a825,stroke-width:2px,color:#e65100
    style specforge_formal fill:#f3e5f5,stroke:#7b1fa2,stroke-width:2px,color:#4a148c
    linkStyle 0 stroke:#7b1fa2,stroke-width:2px
    linkStyle 1 stroke:#1565c0,stroke-width:2px,stroke-dasharray:5
    linkStyle 2 stroke:#f9a825,stroke-width:2px,stroke-dasharray:5
    linkStyle 3 stroke:#f9a825,stroke-width:2px,stroke-dasharray:5
    linkStyle 4 stroke:#7b1fa2,stroke-width:2px,stroke-dasharray:5
    linkStyle 5 stroke:#1565c0,stroke-width:1px,stroke-dasharray:3
    linkStyle 6 stroke:#1565c0,stroke-width:1px,stroke-dasharray:3
    linkStyle 7 stroke:#7b1fa2,stroke-width:1px,stroke-dasharray:3
    linkStyle 8 stroke:#7b1fa2,stroke-width:1px,stroke-dasharray:3
    linkStyle 9 stroke:#7b1fa2,stroke-width:1px,stroke-dasharray:3
