---
source: crates/specforge-parser/tests/snapshot_tests.rs
assertion_line: 9
expression: "serde_json::json!({\n    \"entity_count\": file.entities.len(), \"entities\": entities, \"error_count\":\n    file.errors.len(), \"errors\": errors, \"import_count\": file.imports.len(),\n})"
---
{
  "entities": [],
  "entity_count": 0,
  "error_count": 0,
  "errors": [],
  "import_count": 2
}
