---
source: crates/specforge-emitter/src/dot.rs
expression: result.content
---
digraph specforge {
  rankdir=LR;
  node [shape=box, fontname="Helvetica"];
  "data_integrity" [label="data_integrity\nData Integrity" shape=box];
  "validate_input" [label="validate_input\nValidate Input" shape=ellipse];
  "validate_input" -> "data_integrity" [label="references"];
}
