---
source: crates/specforge-emitter/src/json.rs
assertion_line: 192
expression: parsed
---
{
  "edges": [
    {
      "edge_type": "references",
      "field_name": "invariants",
      "source": "BEH-TS-1",
      "target": "INV-TS-1"
    },
    {
      "edge_type": "implements",
      "field_name": "behaviors",
      "source": "FEAT-TS-1",
      "target": "BEH-TS-1"
    }
  ],
  "metadata": {
    "name": "test-project",
    "version": "1.0"
  },
  "nodes": [
    {
      "file": "test.spec",
      "id": "BEH-TS-1",
      "kind": "behavior",
      "title": "Validate Input"
    },
    {
      "file": "test.spec",
      "id": "FEAT-TS-1",
      "kind": "feature",
      "title": "Validation"
    },
    {
      "file": "test.spec",
      "id": "INV-TS-1",
      "kind": "invariant",
      "title": "Data Integrity"
    }
  ]
}
