---
source: crates/specforge-emitter/src/markdown.rs
expression: "&index.content"
---
# test-project Specification

## Entities

### Invariants (1)

- [data_integrity](invariants.md#data_integrity) — Data Integrity

### Behaviors (1)

- [validate_input](behaviors.md#validate_input) — Validate Input

### Features (1)

- [input_validation](features.md#input_validation) — Input Validation
