---
source: crates/specforge-emitter/src/markdown.rs
expression: "&beh.content"
---
# Behaviors

## validate_input: Validate Input

**Kind:** behavior
**File:** behaviors.spec

### Contract
the system MUST validate all input fields

### References
- Invariants: [data_integrity](invariants.md#data_integrity) (references)

### Traceability
- Upstream: [input_validation](features.md#input_validation) (feature)
- Downstream: [data_integrity](invariants.md#data_integrity) (invariant)
