---
source: crates/specforge-project/tests/structural_checks.rs
expression: found
---
[
  [
    "W012",
    "unreferenced ref 'gh.issue:1' has no incoming edges"
  ],
  [
    "E016",
    "file reference 'missing.md' in entity 'g_docs' does not exist"
  ],
  [
    "E024",
    "unknown entity kind 'wibble' for entity 'wb_one' at a.spec"
  ],
  [
    "E013",
    "entity ID 'gadget' collides with a reserved keyword at a.spec"
  ],
  [
    "E014",
    "entity ID 'x' violates the identifier length contract (2-60 chars, got 1) at a.spec"
  ],
  [
    "W020",
    "unrecognized field 'bogus' on entity 'g_bogus' of kind 'gadget' at a.spec"
  ],
  [
    "E022",
    "reference 'w_one' in field 'parts' of gadget 'g_parts' targets a widget, but this field expects gadget"
  ],
  [
    "E061",
    "field 'size' of gadget 'g_size' is declared integer, but was given \"big\""
  ],
  [
    "W900",
    "widget 'w_one' links nothing"
  ]
]
