---
source: crates/specforge-project/tests/registry_build_snapshot.rs
expression: "digest(&load(&runtime, &[name]))"
---
{
  "absent_reference_targets": {
    "constraint.constrains": "behavior",
    "constraint.enforced_by": "behavior",
    "constraint.governs_features": "feature",
    "constraint.protects": "invariant",
    "decision.affects_features": "feature",
    "decision.invariants": "invariant",
    "failure_mode.affected_behaviors": "behavior",
    "failure_mode.invariant": "invariant",
    "failure_mode.threatens_features": "feature"
  },
  "bidirectional_pairs": [
    [
      "enforced_by",
      "invariants"
    ]
  ],
  "body_parser_kinds": [],
  "check_passes": [],
  "edges": {
    "ConstraintConstrainsBehavior": {
      "description": "Constraint constrains a behavior",
      "edge_arrowhead": null,
      "edge_color": "#BF360C",
      "edge_style": "dashed",
      "label": "ConstraintConstrainsBehavior",
      "source_extension": "@specforge/governance",
      "source_kind": "constraint",
      "target_kind": "behavior"
    },
    "ConstraintEnforcedByBehavior": {
      "description": "Constraint is enforced by a behavior",
      "edge_arrowhead": null,
      "edge_color": "#BF360C",
      "edge_style": "solid",
      "label": "ConstraintEnforcedByBehavior",
      "source_extension": "@specforge/governance",
      "source_kind": "constraint",
      "target_kind": "behavior"
    },
    "ConstraintGovernsFeature": {
      "description": "Constraint governs a product feature",
      "edge_arrowhead": null,
      "edge_color": "#CC6600",
      "edge_style": "dashed",
      "label": "ConstraintGovernsFeature",
      "source_extension": "@specforge/governance",
      "source_kind": "constraint",
      "target_kind": "feature"
    },
    "ConstraintProtectsInvariant": {
      "description": "Constraint protects an invariant",
      "edge_arrowhead": null,
      "edge_color": "#BF360C",
      "edge_style": "dashed",
      "label": "ConstraintProtectsInvariant",
      "source_extension": "@specforge/governance",
      "source_kind": "constraint",
      "target_kind": "invariant"
    },
    "DecisionAffectsFeature": {
      "description": "Decision affects a product feature",
      "edge_arrowhead": null,
      "edge_color": "#CC6600",
      "edge_style": "dashed",
      "label": "DecisionAffectsFeature",
      "source_extension": "@specforge/governance",
      "source_kind": "decision",
      "target_kind": "feature"
    },
    "DecisionImposesConstraint": {
      "description": "Decision imposes a constraint on the system",
      "edge_arrowhead": null,
      "edge_color": "#6A1B9A",
      "edge_style": "solid",
      "label": "DecisionImposesConstraint",
      "source_extension": "@specforge/governance",
      "source_kind": "decision",
      "target_kind": "constraint"
    },
    "DecisionProtectsInvariant": {
      "description": "Decision protects an invariant",
      "edge_arrowhead": null,
      "edge_color": "#6A1B9A",
      "edge_style": "dashed",
      "label": "DecisionProtectsInvariant",
      "source_extension": "@specforge/governance",
      "source_kind": "decision",
      "target_kind": "invariant"
    },
    "DecisionSupersedesDecision": {
      "description": "Decision supersedes a previous decision",
      "edge_arrowhead": null,
      "edge_color": "#6A1B9A",
      "edge_style": "dotted",
      "label": "DecisionSupersedesDecision",
      "source_extension": "@specforge/governance",
      "source_kind": "decision",
      "target_kind": "decision"
    },
    "FailureModeAffectsBehavior": {
      "description": "Failure mode identifies a behavior as a failure vector",
      "edge_arrowhead": null,
      "edge_color": "#D32F2F",
      "edge_style": "dashed",
      "label": "FailureModeAffectsBehavior",
      "source_extension": "@specforge/governance",
      "source_kind": "failure_mode",
      "target_kind": "behavior"
    },
    "FailureModeTargetsInvariant": {
      "description": "Failure mode targets an invariant",
      "edge_arrowhead": null,
      "edge_color": "#D32F2F",
      "edge_style": "dashed",
      "label": "FailureModeTargetsInvariant",
      "source_extension": "@specforge/governance",
      "source_kind": "failure_mode",
      "target_kind": "invariant"
    },
    "FailureModeThreatensFeature": {
      "description": "Failure mode threatens a product feature",
      "edge_arrowhead": null,
      "edge_color": "#CC0000",
      "edge_style": "dashed",
      "label": "FailureModeThreatensFeature",
      "source_extension": "@specforge/governance",
      "source_kind": "failure_mode",
      "target_kind": "feature"
    }
  },
  "ext_short": {
    "@specforge/governance": "governance"
  },
  "extension_info": [
    [
      "@specforge/governance",
      "1.0.0"
    ]
  ],
  "fields": {
    "constraint.category": {
      "derived_from": null,
      "description": "Classification of the constraint (e.g. performance, security, regulatory)",
      "edge": null,
      "exempts_obligations": false,
      "field_name": "category",
      "field_type": "String",
      "file_reference": false,
      "headline": false,
      "inverse_of": null,
      "kind_name": "constraint",
      "normative": false,
      "proof_role": null,
      "required": false,
      "source_extension": "@specforge/governance",
      "target_kind": null
    },
    "constraint.constrains": {
      "derived_from": null,
      "description": "Behaviors that are limited or governed by this constraint",
      "edge": "ConstraintConstrainsBehavior",
      "exempts_obligations": false,
      "field_name": "constrains",
      "field_type": "ReferenceList",
      "file_reference": false,
      "headline": false,
      "inverse_of": null,
      "kind_name": "constraint",
      "normative": false,
      "proof_role": null,
      "required": false,
      "source_extension": "@specforge/governance",
      "target_kind": "behavior"
    },
    "constraint.description": {
      "derived_from": null,
      "description": "Free-form description of the constraint",
      "edge": null,
      "exempts_obligations": false,
      "field_name": "description",
      "field_type": "String",
      "file_reference": false,
      "headline": false,
      "inverse_of": null,
      "kind_name": "constraint",
      "normative": false,
      "proof_role": null,
      "required": true,
      "source_extension": "@specforge/governance",
      "target_kind": null
    },
    "constraint.enforced_by": {
      "derived_from": null,
      "description": "Behaviors that enforce this constraint at runtime",
      "edge": "ConstraintEnforcedByBehavior",
      "exempts_obligations": false,
      "field_name": "enforced_by",
      "field_type": "ReferenceList",
      "file_reference": false,
      "headline": false,
      "inverse_of": "invariants",
      "kind_name": "constraint",
      "normative": false,
      "proof_role": null,
      "required": false,
      "source_extension": "@specforge/governance",
      "target_kind": "behavior"
    },
    "constraint.governs_features": {
      "derived_from": null,
      "description": "Product features this constraint governs (requires @specforge/product)",
      "edge": "ConstraintGovernsFeature",
      "exempts_obligations": false,
      "field_name": "governs_features",
      "field_type": "ReferenceList",
      "file_reference": false,
      "headline": false,
      "inverse_of": null,
      "kind_name": "constraint",
      "normative": false,
      "proof_role": null,
      "required": false,
      "source_extension": "@specforge/governance",
      "target_kind": "feature"
    },
    "constraint.metric": {
      "derived_from": null,
      "description": "Measurable quantity used to evaluate compliance",
      "edge": null,
      "exempts_obligations": false,
      "field_name": "metric",
      "field_type": "String",
      "file_reference": false,
      "headline": false,
      "inverse_of": null,
      "kind_name": "constraint",
      "normative": true,
      "proof_role": "Bound",
      "required": false,
      "source_extension": "@specforge/governance",
      "target_kind": null
    },
    "constraint.priority": {
      "derived_from": null,
      "description": "Relative importance of this constraint",
      "edge": null,
      "exempts_obligations": false,
      "field_name": "priority",
      "field_type": "String",
      "file_reference": false,
      "headline": false,
      "inverse_of": null,
      "kind_name": "constraint",
      "normative": false,
      "proof_role": null,
      "required": false,
      "source_extension": "@specforge/governance",
      "target_kind": null
    },
    "constraint.protects": {
      "derived_from": null,
      "description": "Invariants that this constraint helps protect",
      "edge": "ConstraintProtectsInvariant",
      "exempts_obligations": false,
      "field_name": "protects",
      "field_type": "ReferenceList",
      "file_reference": false,
      "headline": false,
      "inverse_of": null,
      "kind_name": "constraint",
      "normative": false,
      "proof_role": null,
      "required": false,
      "source_extension": "@specforge/governance",
      "target_kind": "invariant"
    },
    "constraint.refs": {
      "derived_from": null,
      "description": "External references (URLs, documents, issue links)",
      "edge": null,
      "exempts_obligations": false,
      "field_name": "refs",
      "field_type": "StringList",
      "file_reference": false,
      "headline": false,
      "inverse_of": null,
      "kind_name": "constraint",
      "normative": false,
      "proof_role": null,
      "required": false,
      "source_extension": "@specforge/governance",
      "target_kind": null
    },
    "constraint.scope": {
      "derived_from": null,
      "description": "Applicability scope (e.g. system-wide, per-module, per-request)",
      "edge": null,
      "exempts_obligations": false,
      "field_name": "scope",
      "field_type": "String",
      "file_reference": false,
      "headline": false,
      "inverse_of": null,
      "kind_name": "constraint",
      "normative": false,
      "proof_role": null,
      "required": false,
      "source_extension": "@specforge/governance",
      "target_kind": null
    },
    "constraint.threshold": {
      "derived_from": null,
      "description": "Acceptable limit or target value for the metric",
      "edge": null,
      "exempts_obligations": false,
      "field_name": "threshold",
      "field_type": "String",
      "file_reference": false,
      "headline": false,
      "inverse_of": null,
      "kind_name": "constraint",
      "normative": true,
      "proof_role": null,
      "required": false,
      "source_extension": "@specforge/governance",
      "target_kind": null
    },
    "decision.affects_features": {
      "derived_from": null,
      "description": "Product features affected by this decision (requires @specforge/product)",
      "edge": "DecisionAffectsFeature",
      "exempts_obligations": false,
      "field_name": "affects_features",
      "field_type": "ReferenceList",
      "file_reference": false,
      "headline": false,
      "inverse_of": null,
      "kind_name": "decision",
      "normative": false,
      "proof_role": null,
      "required": false,
      "source_extension": "@specforge/governance",
      "target_kind": "feature"
    },
    "decision.alternatives": {
      "derived_from": null,
      "description": "Alternative options that were considered",
      "edge": null,
      "exempts_obligations": false,
      "field_name": "alternatives",
      "field_type": "StringList",
      "file_reference": false,
      "headline": false,
      "inverse_of": null,
      "kind_name": "decision",
      "normative": false,
      "proof_role": null,
      "required": false,
      "source_extension": "@specforge/governance",
      "target_kind": null
    },
    "decision.authors": {
      "derived_from": null,
      "description": "People who authored this decision record",
      "edge": null,
      "exempts_obligations": false,
      "field_name": "authors",
      "field_type": "StringList",
      "file_reference": false,
      "headline": false,
      "inverse_of": null,
      "kind_name": "decision",
      "normative": false,
      "proof_role": null,
      "required": false,
      "source_extension": "@specforge/governance",
      "target_kind": null
    },
    "decision.consequences": {
      "derived_from": null,
      "description": "Expected outcomes and trade-offs resulting from this decision",
      "edge": null,
      "exempts_obligations": false,
      "field_name": "consequences",
      "field_type": "StringList",
      "file_reference": false,
      "headline": false,
      "inverse_of": null,
      "kind_name": "decision",
      "normative": false,
      "proof_role": null,
      "required": false,
      "source_extension": "@specforge/governance",
      "target_kind": null
    },
    "decision.constraints": {
      "derived_from": null,
      "description": "Constraints imposed by this decision",
      "edge": "DecisionImposesConstraint",
      "exempts_obligations": false,
      "field_name": "constraints",
      "field_type": "ReferenceList",
      "file_reference": false,
      "headline": false,
      "inverse_of": null,
      "kind_name": "decision",
      "normative": false,
      "proof_role": null,
      "required": false,
      "source_extension": "@specforge/governance",
      "target_kind": "constraint"
    },
    "decision.context": {
      "derived_from": null,
      "description": "Background and circumstances that motivated this decision",
      "edge": null,
      "exempts_obligations": false,
      "field_name": "context",
      "field_type": "String",
      "file_reference": false,
      "headline": false,
      "inverse_of": null,
      "kind_name": "decision",
      "normative": false,
      "proof_role": null,
      "required": true,
      "source_extension": "@specforge/governance",
      "target_kind": null
    },
    "decision.date": {
      "derived_from": null,
      "description": "Date the decision was made or last updated",
      "edge": null,
      "exempts_obligations": false,
      "field_name": "date",
      "field_type": "String",
      "file_reference": false,
      "headline": false,
      "inverse_of": null,
      "kind_name": "decision",
      "normative": false,
      "proof_role": null,
      "required": false,
      "source_extension": "@specforge/governance",
      "target_kind": null
    },
    "decision.deciders": {
      "derived_from": null,
      "description": "People who approved or signed off on this decision",
      "edge": null,
      "exempts_obligations": false,
      "field_name": "deciders",
      "field_type": "StringList",
      "file_reference": false,
      "headline": false,
      "inverse_of": null,
      "kind_name": "decision",
      "normative": false,
      "proof_role": null,
      "required": false,
      "source_extension": "@specforge/governance",
      "target_kind": null
    },
    "decision.decision": {
      "derived_from": null,
      "description": "The decision statement itself",
      "edge": null,
      "exempts_obligations": false,
      "field_name": "decision",
      "field_type": "String",
      "file_reference": false,
      "headline": false,
      "inverse_of": null,
      "kind_name": "decision",
      "normative": true,
      "proof_role": null,
      "required": true,
      "source_extension": "@specforge/governance",
      "target_kind": null
    },
    "decision.description": {
      "derived_from": null,
      "description": "Free-form description of the decision",
      "edge": null,
      "exempts_obligations": false,
      "field_name": "description",
      "field_type": "String",
      "file_reference": false,
      "headline": false,
      "inverse_of": null,
      "kind_name": "decision",
      "normative": false,
      "proof_role": null,
      "required": false,
      "source_extension": "@specforge/governance",
      "target_kind": null
    },
    "decision.invariants": {
      "derived_from": null,
      "description": "Invariants that this decision protects",
      "edge": "DecisionProtectsInvariant",
      "exempts_obligations": false,
      "field_name": "invariants",
      "field_type": "ReferenceList",
      "file_reference": false,
      "headline": false,
      "inverse_of": null,
      "kind_name": "decision",
      "normative": false,
      "proof_role": null,
      "required": false,
      "source_extension": "@specforge/governance",
      "target_kind": "invariant"
    },
    "decision.reason": {
      "derived_from": null,
      "description": "Justification for why this option was chosen over alternatives",
      "edge": null,
      "exempts_obligations": false,
      "field_name": "reason",
      "field_type": "String",
      "file_reference": false,
      "headline": false,
      "inverse_of": null,
      "kind_name": "decision",
      "normative": false,
      "proof_role": null,
      "required": false,
      "source_extension": "@specforge/governance",
      "target_kind": null
    },
    "decision.refs": {
      "derived_from": null,
      "description": "External references (URLs, documents, issue links)",
      "edge": null,
      "exempts_obligations": false,
      "field_name": "refs",
      "field_type": "StringList",
      "file_reference": false,
      "headline": false,
      "inverse_of": null,
      "kind_name": "decision",
      "normative": false,
      "proof_role": null,
      "required": false,
      "source_extension": "@specforge/governance",
      "target_kind": null
    },
    "decision.status": {
      "derived_from": null,
      "description": "Current lifecycle status of the decision (e.g. proposed, accepted, deprecated)",
      "edge": null,
      "exempts_obligations": false,
      "field_name": "status",
      "field_type": "String",
      "file_reference": false,
      "headline": true,
      "inverse_of": null,
      "kind_name": "decision",
      "normative": false,
      "proof_role": null,
      "required": true,
      "source_extension": "@specforge/governance",
      "target_kind": null
    },
    "decision.superseded_by": {
      "derived_from": null,
      "description": "Reference to a newer decision that replaces this one",
      "edge": "DecisionSupersedesDecision",
      "exempts_obligations": false,
      "field_name": "superseded_by",
      "field_type": "Reference",
      "file_reference": false,
      "headline": false,
      "inverse_of": null,
      "kind_name": "decision",
      "normative": false,
      "proof_role": null,
      "required": false,
      "source_extension": "@specforge/governance",
      "target_kind": "decision"
    },
    "decision.tags": {
      "derived_from": null,
      "description": "Categorization tags for filtering and grouping",
      "edge": null,
      "exempts_obligations": false,
      "field_name": "tags",
      "field_type": "StringList",
      "file_reference": false,
      "headline": false,
      "inverse_of": null,
      "kind_name": "decision",
      "normative": false,
      "proof_role": null,
      "required": false,
      "source_extension": "@specforge/governance",
      "target_kind": null
    },
    "failure_mode.affected_behaviors": {
      "derived_from": null,
      "description": "Behaviors affected by this failure mode as failure vectors",
      "edge": "FailureModeAffectsBehavior",
      "exempts_obligations": false,
      "field_name": "affected_behaviors",
      "field_type": "ReferenceList",
      "file_reference": false,
      "headline": false,
      "inverse_of": null,
      "kind_name": "failure_mode",
      "normative": false,
      "proof_role": null,
      "required": false,
      "source_extension": "@specforge/governance",
      "target_kind": "behavior"
    },
    "failure_mode.cause": {
      "derived_from": null,
      "description": "Root cause or trigger of the failure",
      "edge": null,
      "exempts_obligations": false,
      "field_name": "cause",
      "field_type": "String",
      "file_reference": false,
      "headline": false,
      "inverse_of": null,
      "kind_name": "failure_mode",
      "normative": false,
      "proof_role": null,
      "required": true,
      "source_extension": "@specforge/governance",
      "target_kind": null
    },
    "failure_mode.description": {
      "derived_from": null,
      "description": "Free-form description of the failure mode",
      "edge": null,
      "exempts_obligations": false,
      "field_name": "description",
      "field_type": "String",
      "file_reference": false,
      "headline": false,
      "inverse_of": null,
      "kind_name": "failure_mode",
      "normative": false,
      "proof_role": null,
      "required": false,
      "source_extension": "@specforge/governance",
      "target_kind": null
    },
    "failure_mode.detection": {
      "derived_from": null,
      "description": "Likelihood of detecting this failure before it causes harm",
      "edge": null,
      "exempts_obligations": false,
      "field_name": "detection",
      "field_type": "String",
      "file_reference": false,
      "headline": false,
      "inverse_of": null,
      "kind_name": "failure_mode",
      "normative": false,
      "proof_role": null,
      "required": false,
      "source_extension": "@specforge/governance",
      "target_kind": null
    },
    "failure_mode.effect": {
      "derived_from": null,
      "description": "Consequence or impact when the failure occurs",
      "edge": null,
      "exempts_obligations": false,
      "field_name": "effect",
      "field_type": "String",
      "file_reference": false,
      "headline": false,
      "inverse_of": null,
      "kind_name": "failure_mode",
      "normative": false,
      "proof_role": null,
      "required": true,
      "source_extension": "@specforge/governance",
      "target_kind": null
    },
    "failure_mode.invariant": {
      "derived_from": null,
      "description": "The invariant that this failure mode threatens",
      "edge": "FailureModeTargetsInvariant",
      "exempts_obligations": false,
      "field_name": "invariant",
      "field_type": "Reference",
      "file_reference": false,
      "headline": false,
      "inverse_of": null,
      "kind_name": "failure_mode",
      "normative": false,
      "proof_role": null,
      "required": false,
      "source_extension": "@specforge/governance",
      "target_kind": "invariant"
    },
    "failure_mode.mitigation": {
      "derived_from": null,
      "description": "Strategy or action to reduce risk of the failure",
      "edge": null,
      "exempts_obligations": false,
      "field_name": "mitigation",
      "field_type": "String",
      "file_reference": false,
      "headline": false,
      "inverse_of": null,
      "kind_name": "failure_mode",
      "normative": true,
      "proof_role": null,
      "required": false,
      "source_extension": "@specforge/governance",
      "target_kind": null
    },
    "failure_mode.occurrence": {
      "derived_from": null,
      "description": "Likelihood of this failure occurring before mitigation",
      "edge": null,
      "exempts_obligations": false,
      "field_name": "occurrence",
      "field_type": "String",
      "file_reference": false,
      "headline": false,
      "inverse_of": null,
      "kind_name": "failure_mode",
      "normative": false,
      "proof_role": null,
      "required": false,
      "source_extension": "@specforge/governance",
      "target_kind": null
    },
    "failure_mode.post_detection": {
      "derived_from": null,
      "description": "Likelihood of detection after mitigation is applied",
      "edge": null,
      "exempts_obligations": false,
      "field_name": "post_detection",
      "field_type": "String",
      "file_reference": false,
      "headline": false,
      "inverse_of": null,
      "kind_name": "failure_mode",
      "normative": false,
      "proof_role": null,
      "required": false,
      "source_extension": "@specforge/governance",
      "target_kind": null
    },
    "failure_mode.post_mitigation": {
      "derived_from": null,
      "description": "Summary of the residual risk state after mitigation",
      "edge": null,
      "exempts_obligations": false,
      "field_name": "post_mitigation",
      "field_type": "String",
      "file_reference": false,
      "headline": false,
      "inverse_of": null,
      "kind_name": "failure_mode",
      "normative": false,
      "proof_role": null,
      "required": false,
      "source_extension": "@specforge/governance",
      "target_kind": null
    },
    "failure_mode.post_occurrence": {
      "derived_from": null,
      "description": "Likelihood of occurrence after mitigation is applied",
      "edge": null,
      "exempts_obligations": false,
      "field_name": "post_occurrence",
      "field_type": "String",
      "file_reference": false,
      "headline": false,
      "inverse_of": null,
      "kind_name": "failure_mode",
      "normative": false,
      "proof_role": null,
      "required": false,
      "source_extension": "@specforge/governance",
      "target_kind": null
    },
    "failure_mode.post_severity": {
      "derived_from": null,
      "description": "Impact severity rating after mitigation is applied",
      "edge": null,
      "exempts_obligations": false,
      "field_name": "post_severity",
      "field_type": "String",
      "file_reference": false,
      "headline": false,
      "inverse_of": null,
      "kind_name": "failure_mode",
      "normative": false,
      "proof_role": null,
      "required": false,
      "source_extension": "@specforge/governance",
      "target_kind": null
    },
    "failure_mode.refs": {
      "derived_from": null,
      "description": "External references (URLs, documents, issue links)",
      "edge": null,
      "exempts_obligations": false,
      "field_name": "refs",
      "field_type": "StringList",
      "file_reference": false,
      "headline": false,
      "inverse_of": null,
      "kind_name": "failure_mode",
      "normative": false,
      "proof_role": null,
      "required": false,
      "source_extension": "@specforge/governance",
      "target_kind": null
    },
    "failure_mode.risk": {
      "derived_from": null,
      "description": "Overall risk assessment combining severity, occurrence, and detection",
      "edge": null,
      "exempts_obligations": false,
      "field_name": "risk",
      "field_type": "String",
      "file_reference": false,
      "headline": false,
      "inverse_of": null,
      "kind_name": "failure_mode",
      "normative": false,
      "proof_role": null,
      "required": false,
      "source_extension": "@specforge/governance",
      "target_kind": null
    },
    "failure_mode.rpn": {
      "derived_from": null,
      "description": "Risk Priority Number (severity x occurrence x detection)",
      "edge": null,
      "exempts_obligations": false,
      "field_name": "rpn",
      "field_type": "Integer",
      "file_reference": false,
      "headline": false,
      "inverse_of": null,
      "kind_name": "failure_mode",
      "normative": false,
      "proof_role": null,
      "required": false,
      "source_extension": "@specforge/governance",
      "target_kind": null
    },
    "failure_mode.severity": {
      "derived_from": null,
      "description": "Impact severity rating before mitigation (e.g. critical, high, medium, low)",
      "edge": null,
      "exempts_obligations": false,
      "field_name": "severity",
      "field_type": "String",
      "file_reference": false,
      "headline": false,
      "inverse_of": null,
      "kind_name": "failure_mode",
      "normative": false,
      "proof_role": null,
      "required": true,
      "source_extension": "@specforge/governance",
      "target_kind": null
    },
    "failure_mode.threatens_features": {
      "derived_from": null,
      "description": "Product features threatened by this failure mode (requires @specforge/product)",
      "edge": "FailureModeThreatensFeature",
      "exempts_obligations": false,
      "field_name": "threatens_features",
      "field_type": "ReferenceList",
      "file_reference": false,
      "headline": false,
      "inverse_of": null,
      "kind_name": "failure_mode",
      "normative": false,
      "proof_role": null,
      "required": false,
      "source_extension": "@specforge/governance",
      "target_kind": "feature"
    }
  },
  "kinds": {
    "constraint": {
      "allowed_verify_kinds": [],
      "contract_target": false,
      "declares_types": false,
      "description": "A technical or business constraint that limits design choices",
      "dot_color": "#BF360C",
      "dot_fillcolor": "#FBE9E7",
      "dot_shape": "octagon",
      "has_body_parser": false,
      "kind_name": "constraint",
      "lifecycle_field": null,
      "lsp_icon": "Property",
      "open_fields": false,
      "semantic_token": "property",
      "singleton": false,
      "source_extension": "@specforge/governance",
      "supports_verify": false,
      "testable": false
    },
    "decision": {
      "allowed_verify_kinds": [],
      "contract_target": false,
      "declares_types": false,
      "description": "An architectural or design decision with rationale and status",
      "dot_color": "#6A1B9A",
      "dot_fillcolor": "#F3E5F5",
      "dot_shape": "note",
      "has_body_parser": false,
      "kind_name": "decision",
      "lifecycle_field": null,
      "lsp_icon": "Text",
      "open_fields": false,
      "semantic_token": "string",
      "singleton": false,
      "source_extension": "@specforge/governance",
      "supports_verify": false,
      "testable": false
    },
    "failure_mode": {
      "allowed_verify_kinds": [],
      "contract_target": false,
      "declares_types": false,
      "description": "A potential failure scenario with severity and mitigation",
      "dot_color": "#D32F2F",
      "dot_fillcolor": "#FFCDD2",
      "dot_shape": "triangle",
      "has_body_parser": false,
      "kind_name": "failure_mode",
      "lifecycle_field": null,
      "lsp_icon": "Variable",
      "open_fields": false,
      "semantic_token": "variable",
      "singleton": false,
      "source_extension": "@specforge/governance",
      "supports_verify": false,
      "testable": false
    }
  },
  "load_diagnostics": [],
  "manifest_surfaces": [],
  "registry_diagnostics": [],
  "rules": [
    {
      "check": "field_value_constraint",
      "code": "W050",
      "constraint": {
        "kind": "one_of",
        "pattern": null,
        "values": [
          "proposed",
          "accepted",
          "deprecated",
          "superseded"
        ]
      },
      "edge_peer_kind": null,
      "edge_type": null,
      "field": "status",
      "message_template": "decision '{id}' has invalid status '{value}' — expected one of: proposed, accepted, deprecated, superseded",
      "owner": "@specforge/governance",
      "severity": "Warning",
      "target_kind": "decision",
      "wasm_function": null
    },
    {
      "check": "field_value_constraint",
      "code": "W051",
      "constraint": {
        "kind": "one_of",
        "pattern": null,
        "values": [
          "critical",
          "high",
          "medium",
          "low"
        ]
      },
      "edge_peer_kind": null,
      "edge_type": null,
      "field": "severity",
      "message_template": "failure_mode '{id}' has invalid severity '{value}' — expected one of: critical, high, medium, low",
      "owner": "@specforge/governance",
      "severity": "Warning",
      "target_kind": "failure_mode",
      "wasm_function": null
    },
    {
      "check": "field_value_constraint",
      "code": "W051",
      "constraint": {
        "kind": "one_of",
        "pattern": null,
        "values": [
          "critical",
          "high",
          "medium",
          "low"
        ]
      },
      "edge_peer_kind": null,
      "edge_type": null,
      "field": "post_severity",
      "message_template": "failure_mode '{id}' has invalid post_severity '{value}' — expected one of: critical, high, medium, low",
      "owner": "@specforge/governance",
      "severity": "Warning",
      "target_kind": "failure_mode",
      "wasm_function": null
    },
    {
      "check": "field_value_constraint",
      "code": "W052",
      "constraint": {
        "kind": "one_of",
        "pattern": null,
        "values": [
          "certain",
          "likely",
          "occasional",
          "unlikely",
          "rare"
        ]
      },
      "edge_peer_kind": null,
      "edge_type": null,
      "field": "occurrence",
      "message_template": "failure_mode '{id}' has invalid occurrence '{value}' — expected one of: certain, likely, occasional, unlikely, rare",
      "owner": "@specforge/governance",
      "severity": "Warning",
      "target_kind": "failure_mode",
      "wasm_function": null
    },
    {
      "check": "field_value_constraint",
      "code": "W052",
      "constraint": {
        "kind": "one_of",
        "pattern": null,
        "values": [
          "certain",
          "likely",
          "occasional",
          "unlikely",
          "rare"
        ]
      },
      "edge_peer_kind": null,
      "edge_type": null,
      "field": "post_occurrence",
      "message_template": "failure_mode '{id}' has invalid post_occurrence '{value}' — expected one of: certain, likely, occasional, unlikely, rare",
      "owner": "@specforge/governance",
      "severity": "Warning",
      "target_kind": "failure_mode",
      "wasm_function": null
    },
    {
      "check": "field_value_constraint",
      "code": "W121",
      "constraint": {
        "kind": "one_of",
        "pattern": null,
        "values": [
          "certain",
          "likely",
          "moderate",
          "unlikely",
          "undetectable"
        ]
      },
      "edge_peer_kind": null,
      "edge_type": null,
      "field": "detection",
      "message_template": "failure_mode '{id}' has invalid detection '{value}' — expected one of: certain, likely, moderate, unlikely, undetectable",
      "owner": "@specforge/governance",
      "severity": "Warning",
      "target_kind": "failure_mode",
      "wasm_function": null
    },
    {
      "check": "field_value_constraint",
      "code": "W121",
      "constraint": {
        "kind": "one_of",
        "pattern": null,
        "values": [
          "certain",
          "likely",
          "moderate",
          "unlikely",
          "undetectable"
        ]
      },
      "edge_peer_kind": null,
      "edge_type": null,
      "field": "post_detection",
      "message_template": "failure_mode '{id}' has invalid post_detection '{value}' — expected one of: certain, likely, moderate, unlikely, undetectable",
      "owner": "@specforge/governance",
      "severity": "Warning",
      "target_kind": "failure_mode",
      "wasm_function": null
    },
    {
      "check": "missing_required_field",
      "code": "E006",
      "constraint": null,
      "edge_peer_kind": null,
      "edge_type": null,
      "field": "description",
      "message_template": "constraint '{id}' is missing required field 'description'",
      "owner": "",
      "severity": "Error",
      "target_kind": "constraint",
      "wasm_function": null
    },
    {
      "check": "missing_required_field",
      "code": "E006",
      "constraint": null,
      "edge_peer_kind": null,
      "edge_type": null,
      "field": "context",
      "message_template": "decision '{id}' is missing required field 'context'",
      "owner": "",
      "severity": "Error",
      "target_kind": "decision",
      "wasm_function": null
    },
    {
      "check": "missing_required_field",
      "code": "E006",
      "constraint": null,
      "edge_peer_kind": null,
      "edge_type": null,
      "field": "decision",
      "message_template": "decision '{id}' is missing required field 'decision'",
      "owner": "",
      "severity": "Error",
      "target_kind": "decision",
      "wasm_function": null
    },
    {
      "check": "missing_required_field",
      "code": "E006",
      "constraint": null,
      "edge_peer_kind": null,
      "edge_type": null,
      "field": "status",
      "message_template": "decision '{id}' is missing required field 'status'",
      "owner": "",
      "severity": "Error",
      "target_kind": "decision",
      "wasm_function": null
    },
    {
      "check": "missing_required_field",
      "code": "E006",
      "constraint": null,
      "edge_peer_kind": null,
      "edge_type": null,
      "field": "cause",
      "message_template": "failure_mode '{id}' is missing required field 'cause'",
      "owner": "",
      "severity": "Error",
      "target_kind": "failure_mode",
      "wasm_function": null
    },
    {
      "check": "missing_required_field",
      "code": "E006",
      "constraint": null,
      "edge_peer_kind": null,
      "edge_type": null,
      "field": "effect",
      "message_template": "failure_mode '{id}' is missing required field 'effect'",
      "owner": "",
      "severity": "Error",
      "target_kind": "failure_mode",
      "wasm_function": null
    },
    {
      "check": "missing_required_field",
      "code": "E006",
      "constraint": null,
      "edge_peer_kind": null,
      "edge_type": null,
      "field": "severity",
      "message_template": "failure_mode '{id}' is missing required field 'severity'",
      "owner": "",
      "severity": "Error",
      "target_kind": "failure_mode",
      "wasm_function": null
    }
  ],
  "single_reference_fields": [
    [
      "decision",
      "superseded_by"
    ],
    [
      "failure_mode",
      "invariant"
    ]
  ],
  "surface_diagnostics": [],
  "surfaces": []
}
