---
source: crates/specforge-project/tests/registry_build_snapshot.rs
expression: "digest(&load(&runtime, &[name]))"
---
{
  "absent_reference_targets": {
    "axiom.assumes": "invariant",
    "refinement.abstract_entity": "behavior",
    "refinement.concrete_entity": "behavior"
  },
  "bidirectional_pairs": [],
  "body_parser_kinds": [],
  "check_passes": [
    {
      "extension": "@specforge/formal",
      "name": "analysis_available"
    }
  ],
  "edges": {
    "AxiomAssumesInvariant": {
      "description": "Axiom assumes an invariant as foundational truth",
      "edge_arrowhead": null,
      "edge_color": "#311B92",
      "edge_style": "dotted",
      "label": "AxiomAssumesInvariant",
      "source_extension": "@specforge/formal",
      "source_kind": "axiom",
      "target_kind": "invariant"
    },
    "BehaviorEnsuresInvariant": {
      "description": "Behavior ensures an invariant as postcondition",
      "edge_arrowhead": null,
      "edge_color": "#1A237E",
      "edge_style": "solid",
      "label": "BehaviorEnsuresInvariant",
      "source_extension": "@specforge/formal",
      "source_kind": "behavior",
      "target_kind": "invariant"
    },
    "BehaviorMaintainsInvariant": {
      "description": "Behavior maintains an invariant as frame invariant throughout execution",
      "edge_arrowhead": null,
      "edge_color": "#1A237E",
      "edge_style": "dashed",
      "label": "BehaviorMaintainsInvariant",
      "source_extension": "@specforge/formal",
      "source_kind": "behavior",
      "target_kind": "invariant"
    },
    "BehaviorRefinesBehavior": {
      "description": "Concrete behavior refines an abstract behavior (specification layering)",
      "edge_arrowhead": null,
      "edge_color": "#4A148C",
      "edge_style": "dashed",
      "label": "BehaviorRefinesBehavior",
      "source_extension": "@specforge/formal",
      "source_kind": "behavior",
      "target_kind": "behavior"
    },
    "BehaviorRequiresInvariant": {
      "description": "Behavior requires an invariant as precondition",
      "edge_arrowhead": null,
      "edge_color": "#1A237E",
      "edge_style": "solid",
      "label": "BehaviorRequiresInvariant",
      "source_extension": "@specforge/formal",
      "source_kind": "behavior",
      "target_kind": "invariant"
    },
    "BehaviorSatisfiesProperty": {
      "description": "Behavior satisfies a temporal property",
      "edge_arrowhead": null,
      "edge_color": "#0D47A1",
      "edge_style": "solid",
      "label": "BehaviorSatisfiesProperty",
      "source_extension": "@specforge/formal",
      "source_kind": "behavior",
      "target_kind": "property"
    },
    "EventFollowsProtocol": {
      "description": "Event follows a synchronization protocol",
      "edge_arrowhead": null,
      "edge_color": "#004D40",
      "edge_style": "solid",
      "label": "EventFollowsProtocol",
      "source_extension": "@specforge/formal",
      "source_kind": "event",
      "target_kind": "protocol"
    },
    "EventParticipatesInProcess": {
      "description": "Event participates in a process",
      "edge_arrowhead": null,
      "edge_color": "#006064",
      "edge_style": "solid",
      "label": "EventParticipatesInProcess",
      "source_extension": "@specforge/formal",
      "source_kind": "event",
      "target_kind": "process"
    },
    "ProcessComposesProcess": {
      "description": "Process composes sub-processes",
      "edge_arrowhead": null,
      "edge_color": "#006064",
      "edge_style": "solid",
      "label": "ProcessComposesProcess",
      "source_extension": "@specforge/formal",
      "source_kind": "process",
      "target_kind": "process"
    },
    "PropertyDependsOnInvariant": {
      "description": "Property depends on an invariant",
      "edge_arrowhead": null,
      "edge_color": "#0D47A1",
      "edge_style": "dashed",
      "label": "PropertyDependsOnInvariant",
      "source_extension": "@specforge/formal",
      "source_kind": "property",
      "target_kind": "invariant"
    },
    "RefinementChainsToRefinement": {
      "description": "Chain of refinements",
      "edge_arrowhead": null,
      "edge_color": "#1B5E20",
      "edge_style": "dashed",
      "label": "RefinementChainsToRefinement",
      "source_extension": "@specforge/formal",
      "source_kind": "refinement",
      "target_kind": "refinement"
    },
    "RefinementRefinesAbstract": {
      "description": "Refinement maps from this abstract behavior",
      "edge_arrowhead": null,
      "edge_color": "#1B5E20",
      "edge_style": "dashed",
      "label": "RefinementRefinesAbstract",
      "source_extension": "@specforge/formal",
      "source_kind": "refinement",
      "target_kind": "behavior"
    },
    "RefinementRefinesConcrete": {
      "description": "Refinement maps to this concrete behavior",
      "edge_arrowhead": null,
      "edge_color": "#1B5E20",
      "edge_style": "solid",
      "label": "RefinementRefinesConcrete",
      "source_extension": "@specforge/formal",
      "source_kind": "refinement",
      "target_kind": "behavior"
    }
  },
  "ext_short": {
    "@specforge/formal": "formal"
  },
  "extension_info": [
    [
      "@specforge/formal",
      "1.0.0"
    ]
  ],
  "fields": {
    "axiom.assumes": {
      "derived_from": null,
      "description": "Invariants this axiom assumes as foundational truths",
      "edge": "AxiomAssumesInvariant",
      "exempts_obligations": false,
      "field_name": "assumes",
      "field_type": "ReferenceList",
      "file_reference": false,
      "headline": false,
      "inverse_of": null,
      "kind_name": "axiom",
      "normative": false,
      "proof_role": null,
      "required": false,
      "source_extension": "@specforge/formal",
      "target_kind": "invariant"
    },
    "axiom.description": {
      "derived_from": null,
      "description": "Free-form description of the axiom",
      "edge": null,
      "exempts_obligations": false,
      "field_name": "description",
      "field_type": "String",
      "file_reference": false,
      "headline": false,
      "inverse_of": null,
      "kind_name": "axiom",
      "normative": false,
      "proof_role": null,
      "required": false,
      "source_extension": "@specforge/formal",
      "target_kind": null
    },
    "axiom.expression": {
      "derived_from": null,
      "description": "Formal expression stating the axiom",
      "edge": null,
      "exempts_obligations": false,
      "field_name": "expression",
      "field_type": "String",
      "file_reference": false,
      "headline": false,
      "inverse_of": null,
      "kind_name": "axiom",
      "normative": true,
      "proof_role": "Bound",
      "required": true,
      "source_extension": "@specforge/formal",
      "target_kind": null
    },
    "axiom.justification": {
      "derived_from": null,
      "description": "Rationale for why this axiom is assumed true",
      "edge": null,
      "exempts_obligations": false,
      "field_name": "justification",
      "field_type": "String",
      "file_reference": false,
      "headline": false,
      "inverse_of": null,
      "kind_name": "axiom",
      "normative": false,
      "proof_role": null,
      "required": false,
      "source_extension": "@specforge/formal",
      "target_kind": null
    },
    "axiom.refs": {
      "derived_from": null,
      "description": "External references (URLs, documents, issue links)",
      "edge": null,
      "exempts_obligations": false,
      "field_name": "refs",
      "field_type": "StringList",
      "file_reference": false,
      "headline": false,
      "inverse_of": null,
      "kind_name": "axiom",
      "normative": false,
      "proof_role": null,
      "required": false,
      "source_extension": "@specforge/formal",
      "target_kind": null
    },
    "process.alphabet": {
      "derived_from": null,
      "description": "Set of events that this process can communicate",
      "edge": null,
      "exempts_obligations": false,
      "field_name": "alphabet",
      "field_type": "StringList",
      "file_reference": false,
      "headline": false,
      "inverse_of": null,
      "kind_name": "process",
      "normative": false,
      "proof_role": null,
      "required": true,
      "source_extension": "@specforge/formal",
      "target_kind": null
    },
    "process.composition": {
      "derived_from": null,
      "description": "Composition operator and sub-processes (e.g. parallel, sequential, choice)",
      "edge": null,
      "exempts_obligations": false,
      "field_name": "composition",
      "field_type": "String",
      "file_reference": false,
      "headline": false,
      "inverse_of": null,
      "kind_name": "process",
      "normative": false,
      "proof_role": null,
      "required": false,
      "source_extension": "@specforge/formal",
      "target_kind": null
    },
    "process.description": {
      "derived_from": null,
      "description": "Free-form description of the process",
      "edge": null,
      "exempts_obligations": false,
      "field_name": "description",
      "field_type": "String",
      "file_reference": false,
      "headline": false,
      "inverse_of": null,
      "kind_name": "process",
      "normative": false,
      "proof_role": null,
      "required": false,
      "source_extension": "@specforge/formal",
      "target_kind": null
    },
    "process.initial_state": {
      "derived_from": null,
      "description": "Starting state of the process",
      "edge": null,
      "exempts_obligations": false,
      "field_name": "initial_state",
      "field_type": "String",
      "file_reference": false,
      "headline": false,
      "inverse_of": null,
      "kind_name": "process",
      "normative": false,
      "proof_role": null,
      "required": true,
      "source_extension": "@specforge/formal",
      "target_kind": null
    },
    "process.refs": {
      "derived_from": null,
      "description": "External references (URLs, documents, issue links)",
      "edge": null,
      "exempts_obligations": false,
      "field_name": "refs",
      "field_type": "StringList",
      "file_reference": false,
      "headline": false,
      "inverse_of": null,
      "kind_name": "process",
      "normative": false,
      "proof_role": null,
      "required": false,
      "source_extension": "@specforge/formal",
      "target_kind": null
    },
    "process.states": {
      "derived_from": null,
      "description": "Possible states in the process state machine",
      "edge": null,
      "exempts_obligations": false,
      "field_name": "states",
      "field_type": "StringList",
      "file_reference": false,
      "headline": false,
      "inverse_of": null,
      "kind_name": "process",
      "normative": false,
      "proof_role": null,
      "required": false,
      "source_extension": "@specforge/formal",
      "target_kind": null
    },
    "process.sub_processes": {
      "derived_from": null,
      "description": "Sub-processes composed by this process",
      "edge": "ProcessComposesProcess",
      "exempts_obligations": false,
      "field_name": "sub_processes",
      "field_type": "ReferenceList",
      "file_reference": false,
      "headline": false,
      "inverse_of": null,
      "kind_name": "process",
      "normative": false,
      "proof_role": null,
      "required": false,
      "source_extension": "@specforge/formal",
      "target_kind": "process"
    },
    "property.description": {
      "derived_from": null,
      "description": "Free-form description of the property",
      "edge": null,
      "exempts_obligations": false,
      "field_name": "description",
      "field_type": "String",
      "file_reference": false,
      "headline": false,
      "inverse_of": null,
      "kind_name": "property",
      "normative": false,
      "proof_role": null,
      "required": false,
      "source_extension": "@specforge/formal",
      "target_kind": null
    },
    "property.expression": {
      "derived_from": null,
      "description": "Formal expression defining the temporal property",
      "edge": null,
      "exempts_obligations": false,
      "field_name": "expression",
      "field_type": "String",
      "file_reference": false,
      "headline": false,
      "inverse_of": null,
      "kind_name": "property",
      "normative": true,
      "proof_role": "Claim",
      "required": true,
      "source_extension": "@specforge/formal",
      "target_kind": null
    },
    "property.property_type": {
      "derived_from": null,
      "description": "Category of temporal property (safety, liveness, or fairness)",
      "edge": null,
      "exempts_obligations": false,
      "field_name": "property_type",
      "field_type": "String",
      "file_reference": false,
      "headline": false,
      "inverse_of": null,
      "kind_name": "property",
      "normative": false,
      "proof_role": null,
      "required": true,
      "source_extension": "@specforge/formal",
      "target_kind": null
    },
    "property.refs": {
      "derived_from": null,
      "description": "External references (URLs, documents, issue links)",
      "edge": null,
      "exempts_obligations": false,
      "field_name": "refs",
      "field_type": "StringList",
      "file_reference": false,
      "headline": false,
      "inverse_of": null,
      "kind_name": "property",
      "normative": false,
      "proof_role": null,
      "required": false,
      "source_extension": "@specforge/formal",
      "target_kind": null
    },
    "property.scope": {
      "derived_from": null,
      "description": "Applicability scope of this property",
      "edge": null,
      "exempts_obligations": false,
      "field_name": "scope",
      "field_type": "String",
      "file_reference": false,
      "headline": false,
      "inverse_of": null,
      "kind_name": "property",
      "normative": false,
      "proof_role": null,
      "required": false,
      "source_extension": "@specforge/formal",
      "target_kind": null
    },
    "protocol.alphabet": {
      "derived_from": null,
      "description": "Set of events that this protocol can communicate",
      "edge": null,
      "exempts_obligations": false,
      "field_name": "alphabet",
      "field_type": "StringList",
      "file_reference": false,
      "headline": false,
      "inverse_of": null,
      "kind_name": "protocol",
      "normative": false,
      "proof_role": null,
      "required": true,
      "source_extension": "@specforge/formal",
      "target_kind": null
    },
    "protocol.description": {
      "derived_from": null,
      "description": "Free-form description of the protocol",
      "edge": null,
      "exempts_obligations": false,
      "field_name": "description",
      "field_type": "String",
      "file_reference": false,
      "headline": false,
      "inverse_of": null,
      "kind_name": "protocol",
      "normative": false,
      "proof_role": null,
      "required": false,
      "source_extension": "@specforge/formal",
      "target_kind": null
    },
    "protocol.initial_state": {
      "derived_from": null,
      "description": "Starting state of the protocol",
      "edge": null,
      "exempts_obligations": false,
      "field_name": "initial_state",
      "field_type": "String",
      "file_reference": false,
      "headline": false,
      "inverse_of": null,
      "kind_name": "protocol",
      "normative": false,
      "proof_role": null,
      "required": true,
      "source_extension": "@specforge/formal",
      "target_kind": null
    },
    "protocol.refs": {
      "derived_from": null,
      "description": "External references (URLs, documents, issue links)",
      "edge": null,
      "exempts_obligations": false,
      "field_name": "refs",
      "field_type": "StringList",
      "file_reference": false,
      "headline": false,
      "inverse_of": null,
      "kind_name": "protocol",
      "normative": false,
      "proof_role": null,
      "required": false,
      "source_extension": "@specforge/formal",
      "target_kind": null
    },
    "protocol.states": {
      "derived_from": null,
      "description": "Possible states in the protocol state machine",
      "edge": null,
      "exempts_obligations": false,
      "field_name": "states",
      "field_type": "StringList",
      "file_reference": false,
      "headline": false,
      "inverse_of": null,
      "kind_name": "protocol",
      "normative": false,
      "proof_role": null,
      "required": false,
      "source_extension": "@specforge/formal",
      "target_kind": null
    },
    "protocol.transitions": {
      "derived_from": null,
      "description": "State transitions triggered by events (from -> event -> to)",
      "edge": null,
      "exempts_obligations": false,
      "field_name": "transitions",
      "field_type": "StringList",
      "file_reference": false,
      "headline": false,
      "inverse_of": null,
      "kind_name": "protocol",
      "normative": false,
      "proof_role": null,
      "required": false,
      "source_extension": "@specforge/formal",
      "target_kind": null
    },
    "refinement.abstract_entity": {
      "derived_from": null,
      "description": "Reference to the abstract behavior being refined",
      "edge": "RefinementRefinesAbstract",
      "exempts_obligations": false,
      "field_name": "abstract_entity",
      "field_type": "Reference",
      "file_reference": false,
      "headline": false,
      "inverse_of": null,
      "kind_name": "refinement",
      "normative": false,
      "proof_role": null,
      "required": true,
      "source_extension": "@specforge/formal",
      "target_kind": "behavior"
    },
    "refinement.chains_to": {
      "derived_from": null,
      "description": "Next refinement in the refinement chain",
      "edge": "RefinementChainsToRefinement",
      "exempts_obligations": false,
      "field_name": "chains_to",
      "field_type": "Reference",
      "file_reference": false,
      "headline": false,
      "inverse_of": null,
      "kind_name": "refinement",
      "normative": false,
      "proof_role": null,
      "required": false,
      "source_extension": "@specforge/formal",
      "target_kind": "refinement"
    },
    "refinement.concrete_entity": {
      "derived_from": null,
      "description": "Reference to the concrete behavior that implements the refinement",
      "edge": "RefinementRefinesConcrete",
      "exempts_obligations": false,
      "field_name": "concrete_entity",
      "field_type": "Reference",
      "file_reference": false,
      "headline": false,
      "inverse_of": null,
      "kind_name": "refinement",
      "normative": false,
      "proof_role": null,
      "required": true,
      "source_extension": "@specforge/formal",
      "target_kind": "behavior"
    },
    "refinement.description": {
      "derived_from": null,
      "description": "Free-form description of the refinement mapping",
      "edge": null,
      "exempts_obligations": false,
      "field_name": "description",
      "field_type": "String",
      "file_reference": false,
      "headline": false,
      "inverse_of": null,
      "kind_name": "refinement",
      "normative": false,
      "proof_role": null,
      "required": false,
      "source_extension": "@specforge/formal",
      "target_kind": null
    },
    "refinement.invariant_deltas": {
      "derived_from": null,
      "description": "Changes to invariants introduced or relaxed by this refinement",
      "edge": null,
      "exempts_obligations": false,
      "field_name": "invariant_deltas",
      "field_type": "StringList",
      "file_reference": false,
      "headline": false,
      "inverse_of": null,
      "kind_name": "refinement",
      "normative": false,
      "proof_role": null,
      "required": false,
      "source_extension": "@specforge/formal",
      "target_kind": null
    },
    "refinement.refs": {
      "derived_from": null,
      "description": "External references (URLs, documents, issue links)",
      "edge": null,
      "exempts_obligations": false,
      "field_name": "refs",
      "field_type": "StringList",
      "file_reference": false,
      "headline": false,
      "inverse_of": null,
      "kind_name": "refinement",
      "normative": false,
      "proof_role": null,
      "required": false,
      "source_extension": "@specforge/formal",
      "target_kind": null
    }
  },
  "kinds": {
    "axiom": {
      "allowed_verify_kinds": [],
      "contract_target": false,
      "declares_types": false,
      "description": "An assumed-true foundational assertion",
      "dot_color": "#311B92",
      "dot_fillcolor": "#EDE7F6",
      "dot_shape": "ellipse",
      "has_body_parser": false,
      "kind_name": "axiom",
      "lifecycle_field": null,
      "lsp_icon": "Constant",
      "open_fields": false,
      "semantic_token": "constant",
      "singleton": false,
      "source_extension": "@specforge/formal",
      "supports_verify": true,
      "testable": false
    },
    "process": {
      "allowed_verify_kinds": [],
      "contract_target": false,
      "declares_types": false,
      "description": "A CSP-style communicating process with states and transitions",
      "dot_color": "#006064",
      "dot_fillcolor": "#E0F7FA",
      "dot_shape": "ellipse",
      "has_body_parser": false,
      "kind_name": "process",
      "lifecycle_field": null,
      "lsp_icon": "Method",
      "open_fields": false,
      "semantic_token": "function",
      "singleton": false,
      "source_extension": "@specforge/formal",
      "supports_verify": false,
      "testable": false
    },
    "property": {
      "allowed_verify_kinds": [],
      "contract_target": true,
      "declares_types": false,
      "description": "A temporal property assertion (safety, liveness, fairness)",
      "dot_color": "#0D47A1",
      "dot_fillcolor": "#E3F2FD",
      "dot_shape": "hexagon",
      "has_body_parser": false,
      "kind_name": "property",
      "lifecycle_field": null,
      "lsp_icon": "Property",
      "open_fields": false,
      "semantic_token": "property",
      "singleton": false,
      "source_extension": "@specforge/formal",
      "supports_verify": true,
      "testable": false
    },
    "protocol": {
      "allowed_verify_kinds": [],
      "contract_target": false,
      "declares_types": false,
      "description": "A shared synchronization contract between processes",
      "dot_color": "#004D40",
      "dot_fillcolor": "#E0F2F1",
      "dot_shape": "component",
      "has_body_parser": false,
      "kind_name": "protocol",
      "lifecycle_field": null,
      "lsp_icon": "Interface",
      "open_fields": false,
      "semantic_token": "interface",
      "singleton": false,
      "source_extension": "@specforge/formal",
      "supports_verify": false,
      "testable": false
    },
    "refinement": {
      "allowed_verify_kinds": [],
      "contract_target": false,
      "declares_types": false,
      "description": "A mapping from abstract to concrete specification",
      "dot_color": "#1B5E20",
      "dot_fillcolor": "#E8F5E9",
      "dot_shape": "parallelogram",
      "has_body_parser": false,
      "kind_name": "refinement",
      "lifecycle_field": null,
      "lsp_icon": "Method",
      "open_fields": false,
      "semantic_token": "function",
      "singleton": false,
      "source_extension": "@specforge/formal",
      "supports_verify": false,
      "testable": false
    }
  },
  "load_diagnostics": [
    {
      "code": "E027",
      "message": "extension '@specforge/formal' requires peer dependency '@specforge/software' ^1.0 which is not installed"
    }
  ],
  "manifest_surfaces": [],
  "registry_diagnostics": [
    {
      "code": "I004",
      "message": "extension '@specforge/formal': entity enhancement targets unknown kind 'behavior' (extension may not be installed)"
    },
    {
      "code": "I004",
      "message": "extension '@specforge/formal': entity enhancement targets unknown kind 'event' (extension may not be installed)"
    },
    {
      "code": "I004",
      "message": "extension '@specforge/formal': entity enhancement targets unknown kind 'invariant' (extension may not be installed)"
    }
  ],
  "rules": [
    {
      "check": "no_incoming_edges",
      "code": "W123",
      "constraint": null,
      "edge_peer_kind": null,
      "edge_type": null,
      "field": null,
      "message_template": "property '{id}' is not referenced by any behavior — it may be unused",
      "owner": "@specforge/formal",
      "severity": "Warning",
      "target_kind": "property",
      "wasm_function": null
    },
    {
      "check": "field_value_constraint",
      "code": "W124",
      "constraint": {
        "kind": "matches",
        "pattern": "\\S",
        "values": []
      },
      "edge_peer_kind": null,
      "edge_type": null,
      "field": "description",
      "message_template": "property '{id}' has empty description",
      "owner": "@specforge/formal",
      "severity": "Warning",
      "target_kind": "property",
      "wasm_function": null
    },
    {
      "check": "field_value_constraint",
      "code": "W125",
      "constraint": {
        "kind": "one_of",
        "pattern": null,
        "values": [
          "safety",
          "liveness",
          "fairness"
        ]
      },
      "edge_peer_kind": null,
      "edge_type": null,
      "field": "property_type",
      "message_template": "property '{id}' has invalid property_type '{value}' — expected one of: safety, liveness, fairness",
      "owner": "@specforge/formal",
      "severity": "Warning",
      "target_kind": "property",
      "wasm_function": null
    },
    {
      "check": "no_incoming_edges",
      "code": "W126",
      "constraint": null,
      "edge_peer_kind": null,
      "edge_type": null,
      "field": null,
      "message_template": "axiom '{id}' is not referenced by any entity — it may be unused",
      "owner": "@specforge/formal",
      "severity": "Warning",
      "target_kind": "axiom",
      "wasm_function": null
    },
    {
      "check": "field_value_constraint",
      "code": "W127",
      "constraint": {
        "kind": "matches",
        "pattern": "\\S",
        "values": []
      },
      "edge_peer_kind": null,
      "edge_type": null,
      "field": "description",
      "message_template": "axiom '{id}' has empty description",
      "owner": "@specforge/formal",
      "severity": "Warning",
      "target_kind": "axiom",
      "wasm_function": null
    },
    {
      "check": "no_incoming_edges",
      "code": "W128",
      "constraint": null,
      "edge_peer_kind": null,
      "edge_type": null,
      "field": null,
      "message_template": "protocol '{id}' is not referenced by any event — it may be unused",
      "owner": "@specforge/formal",
      "severity": "Warning",
      "target_kind": "protocol",
      "wasm_function": null
    },
    {
      "check": "field_value_constraint",
      "code": "W129",
      "constraint": {
        "kind": "matches",
        "pattern": "\\S",
        "values": []
      },
      "edge_peer_kind": null,
      "edge_type": null,
      "field": "description",
      "message_template": "protocol '{id}' has empty description",
      "owner": "@specforge/formal",
      "severity": "Warning",
      "target_kind": "protocol",
      "wasm_function": null
    },
    {
      "check": "no_incoming_edges",
      "code": "W131",
      "constraint": null,
      "edge_peer_kind": null,
      "edge_type": null,
      "field": null,
      "message_template": "refinement '{id}' is not referenced by any entity — it may be unused",
      "owner": "@specforge/formal",
      "severity": "Warning",
      "target_kind": "refinement",
      "wasm_function": null
    },
    {
      "check": "field_value_constraint",
      "code": "W132",
      "constraint": {
        "kind": "matches",
        "pattern": "\\S",
        "values": []
      },
      "edge_peer_kind": null,
      "edge_type": null,
      "field": "description",
      "message_template": "refinement '{id}' has empty description",
      "owner": "@specforge/formal",
      "severity": "Warning",
      "target_kind": "refinement",
      "wasm_function": null
    },
    {
      "check": "custom",
      "code": "W133",
      "constraint": null,
      "edge_peer_kind": null,
      "edge_type": null,
      "field": null,
      "message_template": "refinement '{id}' declares no invariant_deltas",
      "owner": "@specforge/formal",
      "severity": "Warning",
      "target_kind": "refinement",
      "wasm_function": "validate__refinement_deltas"
    },
    {
      "check": "no_incoming_edges",
      "code": "W134",
      "constraint": null,
      "edge_peer_kind": null,
      "edge_type": null,
      "field": null,
      "message_template": "process '{id}' is not referenced by any entity — it may be unused",
      "owner": "@specforge/formal",
      "severity": "Warning",
      "target_kind": "process",
      "wasm_function": null
    },
    {
      "check": "field_value_constraint",
      "code": "W135",
      "constraint": {
        "kind": "matches",
        "pattern": "\\S",
        "values": []
      },
      "edge_peer_kind": null,
      "edge_type": null,
      "field": "description",
      "message_template": "process '{id}' has empty description",
      "owner": "@specforge/formal",
      "severity": "Warning",
      "target_kind": "process",
      "wasm_function": null
    },
    {
      "check": "field_value_constraint",
      "code": "W136",
      "constraint": {
        "kind": "matches",
        "pattern": "\\S",
        "values": []
      },
      "edge_peer_kind": null,
      "edge_type": null,
      "field": "alphabet",
      "message_template": "process '{id}' has no alphabet (no events declared)",
      "owner": "@specforge/formal",
      "severity": "Warning",
      "target_kind": "process",
      "wasm_function": null
    },
    {
      "check": "missing_required_field",
      "code": "E006",
      "constraint": null,
      "edge_peer_kind": null,
      "edge_type": null,
      "field": "expression",
      "message_template": "axiom '{id}' is missing required field 'expression'",
      "owner": "",
      "severity": "Error",
      "target_kind": "axiom",
      "wasm_function": null
    },
    {
      "check": "missing_required_field",
      "code": "E006",
      "constraint": null,
      "edge_peer_kind": null,
      "edge_type": null,
      "field": "alphabet",
      "message_template": "process '{id}' is missing required field 'alphabet'",
      "owner": "",
      "severity": "Error",
      "target_kind": "process",
      "wasm_function": null
    },
    {
      "check": "missing_required_field",
      "code": "E006",
      "constraint": null,
      "edge_peer_kind": null,
      "edge_type": null,
      "field": "initial_state",
      "message_template": "process '{id}' is missing required field 'initial_state'",
      "owner": "",
      "severity": "Error",
      "target_kind": "process",
      "wasm_function": null
    },
    {
      "check": "missing_required_field",
      "code": "E006",
      "constraint": null,
      "edge_peer_kind": null,
      "edge_type": null,
      "field": "expression",
      "message_template": "property '{id}' is missing required field 'expression'",
      "owner": "",
      "severity": "Error",
      "target_kind": "property",
      "wasm_function": null
    },
    {
      "check": "missing_required_field",
      "code": "E006",
      "constraint": null,
      "edge_peer_kind": null,
      "edge_type": null,
      "field": "property_type",
      "message_template": "property '{id}' is missing required field 'property_type'",
      "owner": "",
      "severity": "Error",
      "target_kind": "property",
      "wasm_function": null
    },
    {
      "check": "missing_required_field",
      "code": "E006",
      "constraint": null,
      "edge_peer_kind": null,
      "edge_type": null,
      "field": "alphabet",
      "message_template": "protocol '{id}' is missing required field 'alphabet'",
      "owner": "",
      "severity": "Error",
      "target_kind": "protocol",
      "wasm_function": null
    },
    {
      "check": "missing_required_field",
      "code": "E006",
      "constraint": null,
      "edge_peer_kind": null,
      "edge_type": null,
      "field": "initial_state",
      "message_template": "protocol '{id}' is missing required field 'initial_state'",
      "owner": "",
      "severity": "Error",
      "target_kind": "protocol",
      "wasm_function": null
    },
    {
      "check": "missing_required_field",
      "code": "E006",
      "constraint": null,
      "edge_peer_kind": null,
      "edge_type": null,
      "field": "abstract_entity",
      "message_template": "refinement '{id}' is missing required field 'abstract_entity'",
      "owner": "",
      "severity": "Error",
      "target_kind": "refinement",
      "wasm_function": null
    },
    {
      "check": "missing_required_field",
      "code": "E006",
      "constraint": null,
      "edge_peer_kind": null,
      "edge_type": null,
      "field": "concrete_entity",
      "message_template": "refinement '{id}' is missing required field 'concrete_entity'",
      "owner": "",
      "severity": "Error",
      "target_kind": "refinement",
      "wasm_function": null
    }
  ],
  "single_reference_fields": [
    [
      "refinement",
      "abstract_entity"
    ],
    [
      "refinement",
      "chains_to"
    ],
    [
      "refinement",
      "concrete_entity"
    ]
  ],
  "surface_diagnostics": [],
  "surfaces": []
}
