---
source: crates/specforge-project/tests/registry_build_snapshot.rs
expression: "digest(&load(&runtime, &[name]))"
---
{
  "absent_reference_targets": {},
  "bidirectional_pairs": [],
  "body_parser_kinds": [],
  "check_passes": [],
  "edges": {},
  "ext_short": {
    "@specforge/testing": "testing"
  },
  "extension_info": [
    [
      "@specforge/testing",
      "1.0.0"
    ]
  ],
  "fields": {},
  "kinds": {},
  "load_diagnostics": [],
  "manifest_surfaces": [],
  "registry_diagnostics": [],
  "rules": [],
  "single_reference_fields": [],
  "surface_diagnostics": [],
  "surfaces": []
}
