---
source: crates/specforge-project/tests/registry_build_snapshot.rs
expression: "digest(&load(&runtime, &[name]))"
---
{
  "absent_reference_targets": {
    "behavior.features": "feature"
  },
  "bidirectional_pairs": [
    [
      "behaviors",
      "features"
    ],
    [
      "enforced_by",
      "invariants"
    ]
  ],
  "body_parser_kinds": [
    "port",
    "type"
  ],
  "check_passes": [],
  "edges": {
    "BehaviorConsumesEvent": {
      "description": null,
      "edge_arrowhead": null,
      "edge_color": "#E65100",
      "edge_style": "dashed",
      "label": "BehaviorConsumesEvent",
      "source_extension": "@specforge/software",
      "source_kind": "behavior",
      "target_kind": "event"
    },
    "BehaviorEnforcesInvariant": {
      "description": null,
      "edge_arrowhead": null,
      "edge_color": "#C62828",
      "edge_style": "dashed",
      "label": "BehaviorEnforcesInvariant",
      "source_extension": "@specforge/software",
      "source_kind": "behavior",
      "target_kind": "invariant"
    },
    "BehaviorImplementsFeature": {
      "description": "Behavior implements a feature (cross-extension via peer_dependency @specforge/product)",
      "edge_arrowhead": null,
      "edge_color": "#1565C0",
      "edge_style": "solid",
      "label": "BehaviorImplementsFeature",
      "source_extension": "@specforge/software",
      "source_kind": "behavior",
      "target_kind": "feature"
    },
    "BehaviorProducesEvent": {
      "description": null,
      "edge_arrowhead": null,
      "edge_color": "#E65100",
      "edge_style": "solid",
      "label": "BehaviorProducesEvent",
      "source_extension": "@specforge/software",
      "source_kind": "behavior",
      "target_kind": "event"
    },
    "BehaviorReferencesType": {
      "description": null,
      "edge_arrowhead": null,
      "edge_color": "#2E7D32",
      "edge_style": "solid",
      "label": "BehaviorReferencesType",
      "source_extension": "@specforge/software",
      "source_kind": "behavior",
      "target_kind": "type"
    },
    "BehaviorUsesPort": {
      "description": null,
      "edge_arrowhead": null,
      "edge_color": "#00695C",
      "edge_style": "solid",
      "label": "BehaviorUsesPort",
      "source_extension": "@specforge/software",
      "source_kind": "behavior",
      "target_kind": "port"
    },
    "EventCarriesPayloadType": {
      "description": null,
      "edge_arrowhead": null,
      "edge_color": "#2E7D32",
      "edge_style": "solid",
      "label": "EventCarriesPayloadType",
      "source_extension": "@specforge/software",
      "source_kind": "event",
      "target_kind": "type"
    },
    "ExternalRef": {
      "description": "Entity references an external URI or resource",
      "edge_arrowhead": null,
      "edge_color": "#9E9E9E",
      "edge_style": "dotted",
      "label": "ExternalRef",
      "source_extension": "@specforge/software",
      "source_kind": null,
      "target_kind": null
    },
    "MilestoneIncludesBehavior": {
      "description": "Milestone delivers a behavior (cross-extension enhancement edge)",
      "edge_arrowhead": null,
      "edge_color": "#9C27B0",
      "edge_style": "solid",
      "label": "MilestoneIncludesBehavior",
      "source_extension": "@specforge/software",
      "source_kind": "milestone",
      "target_kind": "behavior"
    },
    "ModuleConsumesPort": {
      "description": null,
      "edge_arrowhead": null,
      "edge_color": "#00695C",
      "edge_style": "dashed",
      "label": "ModuleConsumesPort",
      "source_extension": "@specforge/software",
      "source_kind": "module",
      "target_kind": "port"
    },
    "ModuleDefinesPort": {
      "description": null,
      "edge_arrowhead": null,
      "edge_color": "#00695C",
      "edge_style": "solid",
      "label": "ModuleDefinesPort",
      "source_extension": "@specforge/software",
      "source_kind": "module",
      "target_kind": "port"
    },
    "PortReferencesType": {
      "description": "Port names a type in a method parameter or return type",
      "edge_arrowhead": null,
      "edge_color": "#2E7D32",
      "edge_style": "solid",
      "label": "PortReferencesType",
      "source_extension": "@specforge/software",
      "source_kind": "port",
      "target_kind": "type"
    },
    "References": {
      "description": "General cross-reference between entities",
      "edge_arrowhead": null,
      "edge_color": null,
      "edge_style": null,
      "label": "References",
      "source_extension": "@specforge/software",
      "source_kind": null,
      "target_kind": null
    },
    "TypeComposesType": {
      "description": null,
      "edge_arrowhead": null,
      "edge_color": "#2E7D32",
      "edge_style": "solid",
      "label": "TypeComposesType",
      "source_extension": "@specforge/software",
      "source_kind": "type",
      "target_kind": "type"
    },
    "TypeExtendsType": {
      "description": null,
      "edge_arrowhead": "empty",
      "edge_color": "#2E7D32",
      "edge_style": "solid",
      "label": "TypeExtendsType",
      "source_extension": "@specforge/software",
      "source_kind": "type",
      "target_kind": "type"
    }
  },
  "ext_short": {
    "@specforge/software": "software"
  },
  "extension_info": [
    [
      "@specforge/software",
      "1.0.0"
    ]
  ],
  "fields": {
    "behavior.category": {
      "derived_from": null,
      "description": "Classification tag for agent task routing",
      "edge": null,
      "exempts_obligations": false,
      "field_name": "category",
      "field_type": "String",
      "file_reference": false,
      "headline": false,
      "inverse_of": null,
      "kind_name": "behavior",
      "normative": false,
      "proof_role": null,
      "required": false,
      "source_extension": "@specforge/software",
      "target_kind": null
    },
    "behavior.consumes": {
      "derived_from": null,
      "description": "Events this behavior reacts to",
      "edge": "BehaviorConsumesEvent",
      "exempts_obligations": false,
      "field_name": "consumes",
      "field_type": "ReferenceList",
      "file_reference": false,
      "headline": false,
      "inverse_of": null,
      "kind_name": "behavior",
      "normative": false,
      "proof_role": null,
      "required": false,
      "source_extension": "@specforge/software",
      "target_kind": "event"
    },
    "behavior.contract": {
      "derived_from": null,
      "description": "The behavioral contract this behavior guarantees",
      "edge": null,
      "exempts_obligations": false,
      "field_name": "contract",
      "field_type": "String",
      "file_reference": false,
      "headline": true,
      "inverse_of": null,
      "kind_name": "behavior",
      "normative": true,
      "proof_role": null,
      "required": true,
      "source_extension": "@specforge/software",
      "target_kind": null
    },
    "behavior.description": {
      "derived_from": null,
      "description": "Human-readable summary of this behavior",
      "edge": null,
      "exempts_obligations": false,
      "field_name": "description",
      "field_type": "String",
      "file_reference": false,
      "headline": false,
      "inverse_of": null,
      "kind_name": "behavior",
      "normative": false,
      "proof_role": null,
      "required": false,
      "source_extension": "@specforge/software",
      "target_kind": null
    },
    "behavior.diagnostic": {
      "derived_from": null,
      "description": "Diagnostic message for validation tooling",
      "edge": null,
      "exempts_obligations": false,
      "field_name": "diagnostic",
      "field_type": "String",
      "file_reference": false,
      "headline": false,
      "inverse_of": null,
      "kind_name": "behavior",
      "normative": false,
      "proof_role": null,
      "required": false,
      "source_extension": "@specforge/software",
      "target_kind": null
    },
    "behavior.features": {
      "derived_from": null,
      "description": "Product features this behavior implements",
      "edge": "BehaviorImplementsFeature",
      "exempts_obligations": false,
      "field_name": "features",
      "field_type": "ReferenceList",
      "file_reference": false,
      "headline": false,
      "inverse_of": "behaviors",
      "kind_name": "behavior",
      "normative": false,
      "proof_role": null,
      "required": false,
      "source_extension": "@specforge/software",
      "target_kind": "feature"
    },
    "behavior.invariants": {
      "derived_from": null,
      "description": "Invariants this behavior enforces",
      "edge": "BehaviorEnforcesInvariant",
      "exempts_obligations": false,
      "field_name": "invariants",
      "field_type": "ReferenceList",
      "file_reference": false,
      "headline": false,
      "inverse_of": "enforced_by",
      "kind_name": "behavior",
      "normative": false,
      "proof_role": null,
      "required": false,
      "source_extension": "@specforge/software",
      "target_kind": "invariant"
    },
    "behavior.ports": {
      "derived_from": null,
      "description": "Port interfaces this behavior interacts with",
      "edge": "BehaviorUsesPort",
      "exempts_obligations": false,
      "field_name": "ports",
      "field_type": "ReferenceList",
      "file_reference": false,
      "headline": false,
      "inverse_of": null,
      "kind_name": "behavior",
      "normative": false,
      "proof_role": null,
      "required": false,
      "source_extension": "@specforge/software",
      "target_kind": "port"
    },
    "behavior.produces": {
      "derived_from": null,
      "description": "Events produced as a result of this behavior",
      "edge": "BehaviorProducesEvent",
      "exempts_obligations": false,
      "field_name": "produces",
      "field_type": "ReferenceList",
      "file_reference": false,
      "headline": false,
      "inverse_of": null,
      "kind_name": "behavior",
      "normative": false,
      "proof_role": null,
      "required": false,
      "source_extension": "@specforge/software",
      "target_kind": "event"
    },
    "behavior.refs": {
      "derived_from": null,
      "description": "External references such as issue or document URIs",
      "edge": null,
      "exempts_obligations": false,
      "field_name": "refs",
      "field_type": "StringList",
      "file_reference": false,
      "headline": false,
      "inverse_of": null,
      "kind_name": "behavior",
      "normative": false,
      "proof_role": null,
      "required": false,
      "source_extension": "@specforge/software",
      "target_kind": null
    },
    "behavior.severity": {
      "derived_from": null,
      "description": "Impact level if this behavior fails",
      "edge": null,
      "exempts_obligations": false,
      "field_name": "severity",
      "field_type": "String",
      "file_reference": false,
      "headline": false,
      "inverse_of": null,
      "kind_name": "behavior",
      "normative": false,
      "proof_role": null,
      "required": false,
      "source_extension": "@specforge/software",
      "target_kind": null
    },
    "behavior.status": {
      "derived_from": null,
      "description": "Current lifecycle status of this behavior",
      "edge": null,
      "exempts_obligations": false,
      "field_name": "status",
      "field_type": "String",
      "file_reference": false,
      "headline": true,
      "inverse_of": null,
      "kind_name": "behavior",
      "normative": false,
      "proof_role": null,
      "required": false,
      "source_extension": "@specforge/software",
      "target_kind": null
    },
    "behavior.types": {
      "derived_from": null,
      "description": "Type definitions used by this behavior",
      "edge": "BehaviorReferencesType",
      "exempts_obligations": false,
      "field_name": "types",
      "field_type": "ReferenceList",
      "file_reference": false,
      "headline": false,
      "inverse_of": null,
      "kind_name": "behavior",
      "normative": false,
      "proof_role": null,
      "required": false,
      "source_extension": "@specforge/software",
      "target_kind": "type"
    },
    "event.category": {
      "derived_from": null,
      "description": "Classification of this event (e.g. domain, integration, system)",
      "edge": null,
      "exempts_obligations": false,
      "field_name": "category",
      "field_type": "String",
      "file_reference": false,
      "headline": false,
      "inverse_of": null,
      "kind_name": "event",
      "normative": false,
      "proof_role": null,
      "required": false,
      "source_extension": "@specforge/software",
      "target_kind": null
    },
    "event.channel": {
      "derived_from": null,
      "description": "Communication channel this event is published on",
      "edge": null,
      "exempts_obligations": false,
      "field_name": "channel",
      "field_type": "String",
      "file_reference": false,
      "headline": false,
      "inverse_of": null,
      "kind_name": "event",
      "normative": false,
      "proof_role": null,
      "required": false,
      "source_extension": "@specforge/software",
      "target_kind": null
    },
    "event.channel_type": {
      "derived_from": null,
      "description": "Transport mechanism for the channel (e.g. queue, topic, stream)",
      "edge": null,
      "exempts_obligations": false,
      "field_name": "channel_type",
      "field_type": "String",
      "file_reference": false,
      "headline": false,
      "inverse_of": null,
      "kind_name": "event",
      "normative": false,
      "proof_role": null,
      "required": false,
      "source_extension": "@specforge/software",
      "target_kind": null
    },
    "event.contract": {
      "derived_from": null,
      "description": "Delivery or ordering guarantees for this event",
      "edge": null,
      "exempts_obligations": false,
      "field_name": "contract",
      "field_type": "String",
      "file_reference": false,
      "headline": true,
      "inverse_of": null,
      "kind_name": "event",
      "normative": true,
      "proof_role": null,
      "required": false,
      "source_extension": "@specforge/software",
      "target_kind": null
    },
    "event.description": {
      "derived_from": null,
      "description": "Human-readable summary of this event",
      "edge": null,
      "exempts_obligations": false,
      "field_name": "description",
      "field_type": "String",
      "file_reference": false,
      "headline": false,
      "inverse_of": null,
      "kind_name": "event",
      "normative": false,
      "proof_role": null,
      "required": false,
      "source_extension": "@specforge/software",
      "target_kind": null
    },
    "event.payload": {
      "derived_from": null,
      "description": "Type definition describing this event's data shape",
      "edge": "EventCarriesPayloadType",
      "exempts_obligations": false,
      "field_name": "payload",
      "field_type": "Reference",
      "file_reference": false,
      "headline": false,
      "inverse_of": null,
      "kind_name": "event",
      "normative": false,
      "proof_role": null,
      "required": false,
      "source_extension": "@specforge/software",
      "target_kind": "type"
    },
    "event.refs": {
      "derived_from": null,
      "description": "External references such as issue or document URIs",
      "edge": null,
      "exempts_obligations": false,
      "field_name": "refs",
      "field_type": "StringList",
      "file_reference": false,
      "headline": false,
      "inverse_of": null,
      "kind_name": "event",
      "normative": false,
      "proof_role": null,
      "required": false,
      "source_extension": "@specforge/software",
      "target_kind": null
    },
    "invariant.description": {
      "derived_from": null,
      "description": "Human-readable summary of this invariant",
      "edge": null,
      "exempts_obligations": false,
      "field_name": "description",
      "field_type": "String",
      "file_reference": false,
      "headline": false,
      "inverse_of": null,
      "kind_name": "invariant",
      "normative": false,
      "proof_role": null,
      "required": false,
      "source_extension": "@specforge/software",
      "target_kind": null
    },
    "invariant.guarantee": {
      "derived_from": null,
      "description": "The constraint this invariant guarantees holds at all times",
      "edge": null,
      "exempts_obligations": false,
      "field_name": "guarantee",
      "field_type": "String",
      "file_reference": false,
      "headline": false,
      "inverse_of": null,
      "kind_name": "invariant",
      "normative": true,
      "proof_role": null,
      "required": true,
      "source_extension": "@specforge/software",
      "target_kind": null
    },
    "invariant.refs": {
      "derived_from": null,
      "description": "External references such as issue or document URIs",
      "edge": null,
      "exempts_obligations": false,
      "field_name": "refs",
      "field_type": "StringList",
      "file_reference": false,
      "headline": false,
      "inverse_of": null,
      "kind_name": "invariant",
      "normative": false,
      "proof_role": null,
      "required": false,
      "source_extension": "@specforge/software",
      "target_kind": null
    },
    "invariant.risk": {
      "derived_from": null,
      "description": "Consequence or impact if this invariant is violated",
      "edge": null,
      "exempts_obligations": false,
      "field_name": "risk",
      "field_type": "String",
      "file_reference": false,
      "headline": false,
      "inverse_of": null,
      "kind_name": "invariant",
      "normative": false,
      "proof_role": null,
      "required": false,
      "source_extension": "@specforge/software",
      "target_kind": null
    },
    "port.category": {
      "derived_from": null,
      "description": "Classification of this port (e.g. http, grpc, database, queue)",
      "edge": null,
      "exempts_obligations": false,
      "field_name": "category",
      "field_type": "String",
      "file_reference": false,
      "headline": false,
      "inverse_of": null,
      "kind_name": "port",
      "normative": false,
      "proof_role": null,
      "required": false,
      "source_extension": "@specforge/software",
      "target_kind": null
    },
    "port.description": {
      "derived_from": null,
      "description": "Human-readable summary of this port",
      "edge": null,
      "exempts_obligations": false,
      "field_name": "description",
      "field_type": "String",
      "file_reference": false,
      "headline": false,
      "inverse_of": null,
      "kind_name": "port",
      "normative": false,
      "proof_role": null,
      "required": false,
      "source_extension": "@specforge/software",
      "target_kind": null
    },
    "port.direction": {
      "derived_from": null,
      "description": "Whether this port is inbound, outbound, or bidirectional",
      "edge": null,
      "exempts_obligations": false,
      "field_name": "direction",
      "field_type": "String",
      "file_reference": false,
      "headline": false,
      "inverse_of": null,
      "kind_name": "port",
      "normative": false,
      "proof_role": null,
      "required": true,
      "source_extension": "@specforge/software",
      "target_kind": null
    },
    "port.methods": {
      "derived_from": null,
      "description": "Method signatures exposed by this port interface",
      "edge": null,
      "exempts_obligations": false,
      "field_name": "methods",
      "field_type": "Block",
      "file_reference": false,
      "headline": false,
      "inverse_of": null,
      "kind_name": "port",
      "normative": false,
      "proof_role": null,
      "required": false,
      "source_extension": "@specforge/software",
      "target_kind": null
    },
    "port.refs": {
      "derived_from": null,
      "description": "External references such as issue or document URIs",
      "edge": null,
      "exempts_obligations": false,
      "field_name": "refs",
      "field_type": "StringList",
      "file_reference": false,
      "headline": false,
      "inverse_of": null,
      "kind_name": "port",
      "normative": false,
      "proof_role": null,
      "required": false,
      "source_extension": "@specforge/software",
      "target_kind": null
    },
    "port.types": {
      "derived_from": "method_signatures",
      "description": "Types named in this port's method signatures (derived from its methods)",
      "edge": "PortReferencesType",
      "exempts_obligations": false,
      "field_name": "types",
      "field_type": "ReferenceList",
      "file_reference": false,
      "headline": false,
      "inverse_of": null,
      "kind_name": "port",
      "normative": false,
      "proof_role": null,
      "required": false,
      "source_extension": "@specforge/software",
      "target_kind": "type"
    },
    "type.composed_types": {
      "derived_from": "type_expressions",
      "description": "Types composed or referenced by this type (derived from its field types)",
      "edge": "TypeComposesType",
      "exempts_obligations": false,
      "field_name": "composed_types",
      "field_type": "ReferenceList",
      "file_reference": false,
      "headline": false,
      "inverse_of": null,
      "kind_name": "type",
      "normative": false,
      "proof_role": null,
      "required": false,
      "source_extension": "@specforge/software",
      "target_kind": "type"
    },
    "type.description": {
      "derived_from": null,
      "description": "Human-readable summary of this type",
      "edge": null,
      "exempts_obligations": false,
      "field_name": "description",
      "field_type": "String",
      "file_reference": false,
      "headline": false,
      "inverse_of": null,
      "kind_name": "type",
      "normative": false,
      "proof_role": null,
      "required": false,
      "source_extension": "@specforge/software",
      "target_kind": null
    },
    "type.extends": {
      "derived_from": null,
      "description": "Parent type this type extends or inherits from",
      "edge": "TypeExtendsType",
      "exempts_obligations": false,
      "field_name": "extends",
      "field_type": "Reference",
      "file_reference": false,
      "headline": false,
      "inverse_of": null,
      "kind_name": "type",
      "normative": false,
      "proof_role": null,
      "required": false,
      "source_extension": "@specforge/software",
      "target_kind": "type"
    },
    "type.fields": {
      "derived_from": null,
      "description": "Structured field definitions for this type",
      "edge": null,
      "exempts_obligations": false,
      "field_name": "fields",
      "field_type": "Block",
      "file_reference": false,
      "headline": false,
      "inverse_of": null,
      "kind_name": "type",
      "normative": false,
      "proof_role": null,
      "required": false,
      "source_extension": "@specforge/software",
      "target_kind": null
    },
    "type.kind": {
      "derived_from": null,
      "description": "The type category (e.g. struct, enum, alias, opaque)",
      "edge": null,
      "exempts_obligations": false,
      "field_name": "kind",
      "field_type": "String",
      "file_reference": false,
      "headline": false,
      "inverse_of": null,
      "kind_name": "type",
      "normative": false,
      "proof_role": null,
      "required": false,
      "source_extension": "@specforge/software",
      "target_kind": null
    },
    "type.refs": {
      "derived_from": null,
      "description": "External references such as issue or document URIs",
      "edge": null,
      "exempts_obligations": false,
      "field_name": "refs",
      "field_type": "StringList",
      "file_reference": false,
      "headline": false,
      "inverse_of": null,
      "kind_name": "type",
      "normative": false,
      "proof_role": null,
      "required": false,
      "source_extension": "@specforge/software",
      "target_kind": null
    }
  },
  "kinds": {
    "behavior": {
      "allowed_verify_kinds": [],
      "contract_target": false,
      "declares_types": false,
      "description": "A testable unit of system functionality with a defined contract",
      "dot_color": "#1565C0",
      "dot_fillcolor": "#E3F2FD",
      "dot_shape": "box",
      "has_body_parser": false,
      "kind_name": "behavior",
      "lifecycle_field": null,
      "lsp_icon": "Method",
      "open_fields": false,
      "semantic_token": "function",
      "singleton": false,
      "source_extension": "@specforge/software",
      "supports_verify": false,
      "testable": false
    },
    "event": {
      "allowed_verify_kinds": [],
      "contract_target": false,
      "declares_types": false,
      "description": "A significant occurrence in the system that triggers reactions",
      "dot_color": "#E65100",
      "dot_fillcolor": "#FFF3E0",
      "dot_shape": "ellipse",
      "has_body_parser": false,
      "kind_name": "event",
      "lifecycle_field": null,
      "lsp_icon": "Event",
      "open_fields": false,
      "semantic_token": "event",
      "singleton": false,
      "source_extension": "@specforge/software",
      "supports_verify": false,
      "testable": false
    },
    "invariant": {
      "allowed_verify_kinds": [],
      "contract_target": true,
      "declares_types": false,
      "description": "A system-wide constraint that must always hold true",
      "dot_color": "#C62828",
      "dot_fillcolor": "#FFEBEE",
      "dot_shape": "diamond",
      "has_body_parser": false,
      "kind_name": "invariant",
      "lifecycle_field": null,
      "lsp_icon": "Property",
      "open_fields": false,
      "semantic_token": "property",
      "singleton": false,
      "source_extension": "@specforge/software",
      "supports_verify": false,
      "testable": false
    },
    "port": {
      "allowed_verify_kinds": [],
      "contract_target": false,
      "declares_types": false,
      "description": "An interface boundary between system components",
      "dot_color": "#00695C",
      "dot_fillcolor": "#E0F2F1",
      "dot_shape": "trapezium",
      "has_body_parser": true,
      "kind_name": "port",
      "lifecycle_field": null,
      "lsp_icon": "Interface",
      "open_fields": true,
      "semantic_token": "interface",
      "singleton": false,
      "source_extension": "@specforge/software",
      "supports_verify": false,
      "testable": false
    },
    "type": {
      "allowed_verify_kinds": [],
      "contract_target": false,
      "declares_types": true,
      "description": "A data structure or domain model definition",
      "dot_color": "#2E7D32",
      "dot_fillcolor": "#E8F5E9",
      "dot_shape": "rectangle",
      "has_body_parser": true,
      "kind_name": "type",
      "lifecycle_field": null,
      "lsp_icon": "Struct",
      "open_fields": true,
      "semantic_token": "type",
      "singleton": false,
      "source_extension": "@specforge/software",
      "supports_verify": false,
      "testable": false
    }
  },
  "load_diagnostics": [],
  "manifest_surfaces": [],
  "registry_diagnostics": [],
  "rules": [
    {
      "check": "custom",
      "code": "E004",
      "constraint": null,
      "edge_peer_kind": null,
      "edge_type": null,
      "field": null,
      "message_template": "port '{id}' method '{field}' references unknown type '{value}'",
      "owner": "@specforge/software",
      "severity": "Error",
      "target_kind": "port",
      "wasm_function": "validate__port_methods"
    },
    {
      "check": "custom",
      "code": "E010",
      "constraint": null,
      "edge_peer_kind": null,
      "edge_type": null,
      "field": null,
      "message_template": "milestone '{id}' behaviors range is invalid: {reason}",
      "owner": "@specforge/software",
      "severity": "Error",
      "target_kind": "milestone",
      "wasm_function": "validate__milestone_behavior_ranges"
    },
    {
      "check": "custom",
      "code": "E051",
      "constraint": null,
      "edge_peer_kind": null,
      "edge_type": null,
      "field": null,
      "message_template": "event '{id}' trigger must reference a behavior, found '{value}'",
      "owner": "@specforge/software",
      "severity": "Error",
      "target_kind": "event",
      "wasm_function": "validate__event_triggers"
    },
    {
      "check": "no_incoming_edges",
      "code": "W002",
      "constraint": null,
      "edge_peer_kind": null,
      "edge_type": null,
      "field": null,
      "message_template": "type '{id}' is not referenced by any behavior, port, or type",
      "owner": "@specforge/software",
      "severity": "Warning",
      "target_kind": "type",
      "wasm_function": null
    },
    {
      "check": "no_incoming_edges",
      "code": "W003",
      "constraint": null,
      "edge_peer_kind": null,
      "edge_type": null,
      "field": null,
      "message_template": "invariant '{id}' is not enforced by any behavior",
      "owner": "@specforge/software",
      "severity": "Warning",
      "target_kind": "invariant",
      "wasm_function": null
    },
    {
      "check": "no_incoming_edges",
      "code": "W005",
      "constraint": null,
      "edge_peer_kind": null,
      "edge_type": null,
      "field": null,
      "message_template": "port '{id}' is not referenced by any behavior",
      "owner": "@specforge/software",
      "severity": "Warning",
      "target_kind": "port",
      "wasm_function": null
    },
    {
      "check": "missing_field_when_flag_set",
      "code": "W006",
      "constraint": null,
      "edge_peer_kind": null,
      "edge_type": null,
      "field": "category",
      "message_template": "behavior '{id}' has no category — agents use category for task routing",
      "owner": "@specforge/software",
      "severity": "Warning",
      "target_kind": "behavior",
      "wasm_function": null
    },
    {
      "check": "no_incoming_edges",
      "code": "W007",
      "constraint": null,
      "edge_peer_kind": null,
      "edge_type": null,
      "field": null,
      "message_template": "event '{id}' is not produced by any behavior",
      "owner": "@specforge/software",
      "severity": "Warning",
      "target_kind": "event",
      "wasm_function": null
    },
    {
      "check": "no_incoming_edges",
      "code": "W008",
      "constraint": null,
      "edge_peer_kind": "behavior",
      "edge_type": "BehaviorImplementsFeature",
      "field": null,
      "message_template": "feature '{id}' is not implemented by any behavior",
      "owner": "@specforge/software",
      "severity": "Warning",
      "target_kind": "feature",
      "wasm_function": null
    },
    {
      "check": "custom",
      "code": "W010",
      "constraint": null,
      "edge_peer_kind": null,
      "edge_type": null,
      "field": null,
      "message_template": "type '{id}' field '{field}' has unknown annotation '{value}'",
      "owner": "@specforge/software",
      "severity": "Warning",
      "target_kind": "type",
      "wasm_function": "validate__type_field_annotations"
    },
    {
      "check": "missing_required_field",
      "code": "E006",
      "constraint": null,
      "edge_peer_kind": null,
      "edge_type": null,
      "field": "contract",
      "message_template": "behavior '{id}' is missing required field 'contract'",
      "owner": "",
      "severity": "Error",
      "target_kind": "behavior",
      "wasm_function": null
    },
    {
      "check": "missing_required_field",
      "code": "E006",
      "constraint": null,
      "edge_peer_kind": null,
      "edge_type": null,
      "field": "guarantee",
      "message_template": "invariant '{id}' is missing required field 'guarantee'",
      "owner": "",
      "severity": "Error",
      "target_kind": "invariant",
      "wasm_function": null
    },
    {
      "check": "missing_required_field",
      "code": "E006",
      "constraint": null,
      "edge_peer_kind": null,
      "edge_type": null,
      "field": "direction",
      "message_template": "port '{id}' is missing required field 'direction'",
      "owner": "",
      "severity": "Error",
      "target_kind": "port",
      "wasm_function": null
    }
  ],
  "single_reference_fields": [
    [
      "event",
      "payload"
    ],
    [
      "type",
      "extends"
    ]
  ],
  "surface_diagnostics": [],
  "surfaces": []
}
