---
source: crates/specforge-mcp/tests/prompt_golden.rs
expression: "shape(&reply, dir.path())"
---
{
  "error": {
    "code": -32602,
    "data": {
      "argument": "plan",
      "code": "invalid_input",
      "message": "plan is not valid JSON: key must be a string at line 1 column 2",
      "prompt": "specforge://prompts/trace"
    },
    "message": "plan is not valid JSON: key must be a string at line 1 column 2"
  }
}
