---
source: crates/specforge-mcp/tests/prompt_golden.rs
expression: "shape(&reply, dir.path())"
---
{
  "error": {
    "code": -32602,
    "data": {
      "argument": "entity_id",
      "code": "invalid_input",
      "message": "Missing required parameter: entity_id or plan",
      "prompt": "specforge://prompts/trace"
    },
    "message": "Missing required parameter: entity_id or plan"
  }
}
