---
source: crates/specforge-mcp/tests/surface_wiring.rs
expression: extension_listings(&mut server)
---
{
  "diagnostics": [
    {
      "code": "I017",
      "message": "command 'check' not auto-promoted: explicit MCP tool 'specforge.cmds.check' already exists"
    }
  ],
  "resourceTemplates": [],
  "resources": [
    {
      "mimeType": "application/json",
      "name": "cmds-summary",
      "uri": "specforge://ext/cmds/summary"
    }
  ],
  "tools": [
    {
      "category": "core",
      "description": "Explicit check tool",
      "inputSchema": {
        "properties": {
          "strict": {
            "type": "boolean"
          }
        },
        "type": "object"
      },
      "name": "specforge.cmds.check",
      "outputSchema": {
        "properties": {
          "checked": {
            "type": "boolean"
          }
        },
        "type": "object"
      },
      "source": "@test/cmds"
    },
    {
      "category": "core",
      "description": "Write a coverage report",
      "inputSchema": {
        "additionalProperties": false,
        "properties": {
          "limit": {
            "type": "integer"
          },
          "out": {
            "type": "string"
          },
          "style": {
            "description": "Output style",
            "enum": [
              "md",
              "json"
            ],
            "type": "string"
          },
          "verbose": {
            "default": false,
            "type": "boolean"
          }
        },
        "required": [
          "style"
        ],
        "type": "object"
      },
      "name": "specforge.cmds.report",
      "source": "@test/cmds"
    },
    {
      "category": "core",
      "description": "List in order",
      "inputSchema": {
        "additionalProperties": false,
        "properties": {
          "all": {
            "default": false,
            "type": "boolean"
          },
          "order": {
            "default": "desc",
            "enum": [
              "asc",
              "desc"
            ],
            "type": "string"
          }
        },
        "type": "object"
      },
      "name": "specforge.cmds.ordered",
      "source": "@test/cmds"
    }
  ]
}
