---
source: crates/specforge-mcp/tests/prompt_golden.rs
expression: "shape(&reply, dir.path())"
---
{
  "error": {
    "code": -32602,
    "data": {
      "argument": "structural_constraints",
      "code": "entity_not_found",
      "entity_id": "ghost",
      "message": "Structural constraint entity not found: ghost",
      "prompt": "specforge://prompts/context"
    },
    "message": "Structural constraint entity not found: ghost"
  }
}
