---
source: crates/specforge-mcp/tests/tool_replies.rs
expression: "lines.join(\"\\n\")"
---
specforge.query {"entity_id":"alpha"} $.edges: array without items
specforge.query {"entity_id":"alpha"} $.nodes: array without items
specforge.query {"entity_id":"alpha"} $.schema_ref: undeclared
specforge.query {"entity_id":"alpha","format":"brief"} $.edges: array without items
specforge.query {"entity_id":"alpha","format":"brief"} $.nodes: array without items
specforge.query {"entity_id":"alpha","format":"context"} $.edges: array without items
specforge.query {"entity_id":"alpha","format":"context"} $.nodes: array without items
specforge.query {"entity_id":"alpha","include_coverage":true} $.edges: array without items
specforge.query {"entity_id":"alpha","include_coverage":true} $.nodes: array without items
specforge.query {"entity_id":"alpha","include_coverage":true} $.schema_ref: undeclared
specforge.analyze {} $.passes[].summary: object without properties
specforge.schema {"include_validation_rules":true} $.validation_rules[]: object without properties
specforge.inspect {"entity_id":"alpha"} $.fields: object without properties
specforge.inspect {"entity_id":"untitled_one"} $.fields: object without properties
specforge.doctor {} $.enhancements: object without properties
