---
source: crates/specforge-mcp/tests/tool_arguments.rs
expression: "rows.join(\"\\n\")"
---
format | {"check":true} | ok check_only=true | wrote []
format | {"check":true,"write":true} | ok check_only=false | wrote ["main.spec"]
format | {"check":"true"} | ok check_only=false | wrote ["main.spec"]
format | {"diff":"true"} | ok check_only=false | wrote ["main.spec"]
rename | {"entity_id":"alpha","new_name":"gamma","dry_run":"true"} | ok dry_run=null | wrote ["main.spec"]
migrate | {"dry_run":"true"} | ok dry_run=false | wrote []
query | {"entity_id":"alpha","depth":"0"} | ok nodes=2 | wrote []
query | {"entity_id":"alpha","kinds":"behavior"} | ok nodes=2 | wrote []
search | {"query":"a","limit":"1"} | ok results=2 | wrote []
list | {"limit":"1"} | refused invalid_input argument=-: Invalid arguments: invalid type: string "1", expected usize | wrote []
validate | {"strict":"yes"} | ok ok=false errors=1 warnings=3 | wrote []
export | {"format":"brief","scop":"alpha"} | refused invalid_input argument=scop: unknown argument 'scop' | wrote []
stats | {"use_cached":true} | refused invalid_input argument=use_cached: unknown argument 'use_cached' | wrote []
stats | {"path":"<served root>"} | ok | wrote []
doctor | {"use_cached":"true"} | ok | wrote []
infer_session | {} | refused invalid_input argument=action: Missing required parameter: action (start | mark_analyzed | end) | wrote []
prompt context | {"entity_id":42} | refused -32602 argument=-: Invalid arguments: invalid type: integer `42`, expected a string
prompt review | {"depth":"two","entity_id":"alpha"} | refused -32602 argument=-: Invalid arguments: invalid count "two", expected a non-negative integer
prompt context | {"bogus":"x","entity_id":"alpha"} | refused -32602 argument=bogus: unknown argument 'bogus'
