---
source: crates/specforge-mcp/tests/prompt_golden.rs
expression: "shape(&reply, dir.path())"
---
{
  "description": "Discover exploration starting points in the graph",
  "instruction": "Explore the spec graph using the data below. Start with high-connectivity entities to understand the core structure, then investigate unconnected entities that may need relationships. Use starting_points for top-down traversal.",
  "layout": "turns",
  "payload": {
    "high_connectivity": [
      "inv_session"
    ],
    "matching_entities": [
      "inv_session"
    ],
    "notices": [],
    "relationship_paths": [
      {
        "edge_types": [
          "features",
          "features",
          "invariants"
        ],
        "from_entity": "alpha",
        "path_length": 3,
        "to_entity": "inv_session"
      }
    ],
    "starting_points": [
      "inv_session"
    ],
    "unconnected": []
  },
  "roles": [
    "user",
    "user"
  ]
}
