---
source: crates/specforge-cli/tests/check_surfaces.rs
expression: "normalized(&Value::Array(calls), dir.path())"
---
[
  {
    "arguments": {},
    "result": {
      "_meta": "<absent>",
      "content": [
        {
          "text": [
            {
              "code": "E025",
              "column": 1,
              "data": {
                "kind": "unresolved_import",
                "path": "missing"
              },
              "file": "main.spec",
              "line": 1,
              "message": "import target not found: missing",
              "severity": "Error",
              "span": {
                "end_col": 14,
                "end_line": 1,
                "file": "main.spec",
                "start_col": 1,
                "start_line": 1
              },
              "suggestion": null,
              "title": "Import resolution failed"
            }
          ],
          "type": "text"
        }
      ],
      "isError": false
    }
  },
  {
    "arguments": {
      "strict": true
    },
    "result": {
      "_meta": "<absent>",
      "content": [
        {
          "text": [
            {
              "code": "E025",
              "column": 1,
              "data": {
                "kind": "unresolved_import",
                "path": "missing"
              },
              "file": "main.spec",
              "line": 1,
              "message": "import target not found: missing",
              "severity": "Error",
              "span": {
                "end_col": 14,
                "end_line": 1,
                "file": "main.spec",
                "start_col": 1,
                "start_line": 1
              },
              "suggestion": null,
              "title": "Import resolution failed"
            }
          ],
          "type": "text"
        }
      ],
      "isError": false
    }
  },
  {
    "arguments": {
      "severity_filter": "error"
    },
    "result": {
      "_meta": "<absent>",
      "content": [
        {
          "text": [
            {
              "code": "E025",
              "column": 1,
              "data": {
                "kind": "unresolved_import",
                "path": "missing"
              },
              "file": "main.spec",
              "line": 1,
              "message": "import target not found: missing",
              "severity": "Error",
              "span": {
                "end_col": 14,
                "end_line": 1,
                "file": "main.spec",
                "start_col": 1,
                "start_line": 1
              },
              "suggestion": null,
              "title": "Import resolution failed"
            }
          ],
          "type": "text"
        }
      ],
      "isError": false
    }
  },
  {
    "arguments": {
      "severity_filter": "warning"
    },
    "result": {
      "_meta": "<absent>",
      "content": [
        {
          "text": [],
          "type": "text"
        }
      ],
      "isError": false
    }
  },
  {
    "arguments": {
      "severity_filter": "info"
    },
    "result": {
      "_meta": "<absent>",
      "content": [
        {
          "text": [],
          "type": "text"
        }
      ],
      "isError": false
    }
  },
  {
    "arguments": {
      "severity_filter": "error",
      "strict": true
    },
    "result": {
      "_meta": "<absent>",
      "content": [
        {
          "text": [
            {
              "code": "E025",
              "column": 1,
              "data": {
                "kind": "unresolved_import",
                "path": "missing"
              },
              "file": "main.spec",
              "line": 1,
              "message": "import target not found: missing",
              "severity": "Error",
              "span": {
                "end_col": 14,
                "end_line": 1,
                "file": "main.spec",
                "start_col": 1,
                "start_line": 1
              },
              "suggestion": null,
              "title": "Import resolution failed"
            }
          ],
          "type": "text"
        }
      ],
      "isError": false
    }
  },
  {
    "arguments": {
      "severity_filter": "Error"
    },
    "result": {
      "_meta": "<absent>",
      "content": [
        {
          "text": [
            {
              "code": "E025",
              "column": 1,
              "data": {
                "kind": "unresolved_import",
                "path": "missing"
              },
              "file": "main.spec",
              "line": 1,
              "message": "import target not found: missing",
              "severity": "Error",
              "span": {
                "end_col": 14,
                "end_line": 1,
                "file": "main.spec",
                "start_col": 1,
                "start_line": 1
              },
              "suggestion": null,
              "title": "Import resolution failed"
            }
          ],
          "type": "text"
        }
      ],
      "isError": false
    }
  },
  {
    "arguments": {
      "severity_filter": "errors"
    },
    "result": {
      "_meta": "<absent>",
      "content": [
        {
          "text": [
            {
              "code": "E025",
              "column": 1,
              "data": {
                "kind": "unresolved_import",
                "path": "missing"
              },
              "file": "main.spec",
              "line": 1,
              "message": "import target not found: missing",
              "severity": "Error",
              "span": {
                "end_col": 14,
                "end_line": 1,
                "file": "main.spec",
                "start_col": 1,
                "start_line": 1
              },
              "suggestion": null,
              "title": "Import resolution failed"
            }
          ],
          "type": "text"
        }
      ],
      "isError": false
    }
  },
  {
    "arguments": {
      "lint": [
        "nonsense"
      ]
    },
    "result": {
      "_meta": "<absent>",
      "content": [
        {
          "text": [
            {
              "code": "E025",
              "column": 1,
              "data": {
                "kind": "unresolved_import",
                "path": "missing"
              },
              "file": "main.spec",
              "line": 1,
              "message": "import target not found: missing",
              "severity": "Error",
              "span": {
                "end_col": 14,
                "end_line": 1,
                "file": "main.spec",
                "start_col": 1,
                "start_line": 1
              },
              "suggestion": null,
              "title": "Import resolution failed"
            }
          ],
          "type": "text"
        }
      ],
      "isError": false
    }
  }
]
