---
source: crates/specforge-cli/tests/parity.rs
expression: mcp_snap
---
{
  "check": {
    "diagnostics": [
      "Warning W001"
    ],
    "ok": true
  },
  "config": {
    "extensions": [
      "@specforge/software",
      "@specforge/product"
    ],
    "name": "demo",
    "registries": [
      {
        "alias": "offline",
        "default_registry": true,
        "url": "http://127.0.0.1:9/v1"
      }
    ],
    "spec_root": "spec",
    "version": "0.1.0"
  },
  "files": {
    "spec/main.spec": "behavior alpha \"Alpha\" {\n  category \"core\"\n  contract \"The system MUST work\"\n}\n"
  },
  "ok": true,
  "payload": {
    "changed": true,
    "extension": "@specforge/product",
    "files_written": [
      "specforge.json"
    ],
    "installed": true,
    "note": "the server serves it from the next call on",
    "peers_enabled": [],
    "source": "builtin"
  }
}
