---
source: crates/specforge-cli/tests/read_views.rs
expression: "normalized(mcp, root)"
---
{
  "coverage_pct": 20.0,
  "declared_pct": 20.0,
  "diagnostic_summary": {
    "errors": 0,
    "infos": 0,
    "warnings": 8
  },
  "edge_count": 2,
  "entity_counts": [
    {
      "count": 3,
      "kind": "behavior"
    },
    {
      "count": 3,
      "kind": "type"
    }
  ],
  "orphan_count": 3,
  "proof_pct": null
}
