---
source: crates/specforge-cli/tests/inspect_views.rs
expression: "normalized(result, root)"
---
{
  "coverage_status": "covered",
  "declared": true,
  "diagnostics": [
    {
      "code": "W002",
      "column": 1,
      "file": "main.spec",
      "line": 18,
      "message": "type 'Payload' is not referenced by any behavior, port, or type",
      "origin": "@specforge/software",
      "severity": "Warning",
      "span": {
        "end_col": 2,
        "end_line": 21,
        "file": "main.spec",
        "start_col": 1,
        "start_line": 18
      },
      "suggestion": null,
      "title": "Unreferenced type"
    }
  ],
  "entity_id": "Payload",
  "exempt": false,
  "fields": {
    "verify": [
      {
        "description": "Payload schema is valid",
        "kind": "unit"
      }
    ]
  },
  "kind": "type",
  "obligated": true,
  "referenced_by": [],
  "refers_to": [],
  "source_extension": "@specforge/software",
  "source_span": {
    "end_col": 2,
    "end_line": 21,
    "file": "main.spec",
    "start_col": 1,
    "start_line": 18
  },
  "testable": true,
  "title": "Payload",
  "verify_declarations": [
    "unit Payload schema is valid"
  ]
}
