---
source: crates/specforge-cli/tests/options.rs
expression: "sections.join(\"\\n\")"
---
## schema publish format
cli -h: --format <FORMAT> Export format the published schema should describe [default: graph] [possible values: graph, context, brief]
default: cli=graph = json
graph                        cli=0   mcp=-
context                      cli=0   mcp=-
brief                        cli=0   mcp=-
dot                          cli=2   mcp=-
json                         cli=0   mcp=-

## render format
mcp schema: enum ["json","dot","context","brief"] default null (required)
default: mcp=json
json                         cli=-   mcp=ok
graph                        cli=-   mcp=refused: invalid_input: Unrecognized renderer format: graph (available: json, dot, context, brief) (available_renderers: ["json","dot","context","brief"])
dot                          cli=-   mcp=ok
context                      cli=-   mcp=ok
brief                        cli=-   mcp=ok
yaml                         cli=-   mcp=refused: invalid_input: Unrecognized renderer format: yaml (available: json, dot, context, brief) (available_renderers: ["json","dot","context","brief"])

## query format
mcp schema: enum null default "graph"
default: mcp=graph = json = dot = yaml
graph                        cli=-   mcp=ok
context                      cli=-   mcp=ok
brief                        cli=-   mcp=ok
json                         cli=-   mcp=ok
dot                          cli=-   mcp=ok
yaml                         cli=-   mcp=ok

## coverage status_filter
mcp schema: enum ["covered","partial","uncovered"] default null
default: mcp=uncovered
covered                      cli=-   mcp=ok
partial                      cli=-   mcp=ok
uncovered                    cli=-   mcp=ok
coverd                       cli=-   mcp=refused: invalid_input: unknown coverage status 'coverd' (expected one of: covered, partial, uncovered) (suggestion: did you mean 'covered'?)

## find_references direction
mcp schema: enum ["incoming","outgoing","both"] default "incoming"
default: mcp=incoming
incoming                     cli=-   mcp=ok
outgoing                     cli=-   mcp=ok
both                         cli=-   mcp=ok
sideways                     cli=-   mcp=refused: invalid_input: unknown direction 'sideways': expected "incoming", "outgoing" or "both"

## analyze pass
cli -h: [PASS] Analysis pass to run (all, coverage, contracts) [possible values: all, coverage, contracts]
mcp schema: enum null default null
default: cli=all mcp=all
all                          cli=0   mcp=ok
coverage                     cli=0   mcp=ok
contracts                    cli=0   mcp=ok
@specforge/testing:coverage  cli=2   mcp=ok
nosuch                       cli=2   mcp=refused: invalid_input: Unknown analysis pass 'nosuch' (available: all, coverage, contracts, @specforge/testing:coverage)
