---
source: crates/specforge-cli/tests/inspect_views.rs
assertion_line: 104
expression: "normalized(result, root)"
---
{
  "contract": "The system MUST let a known user log in",
  "coverage_status": "covered",
  "declared": true,
  "diagnostics": [
    {
      "code": "W006",
      "message": "behavior 'login' has no category — agents use category for task routing",
      "severity": "Warning",
      "suggestion": null
    }
  ],
  "entity_id": "login",
  "fields": {
    "contract": "The system MUST let a known user log in",
    "features": [
      "signin"
    ],
    "verify": [
      {
        "description": "a known user logs in",
        "kind": "unit"
      }
    ]
  },
  "kind": "behavior",
  "reference_count": 1,
  "referenced_by": [],
  "references": [
    "signin"
  ],
  "refers_to": [
    "signin"
  ],
  "source_span": {
    "end_col": 2,
    "end_line": 5,
    "file": "main.spec",
    "start_col": 1,
    "start_line": 1
  },
  "testable": true,
  "title": "Log in",
  "verify_declarations": [
    "unit a known user logs in"
  ]
}
