---
source: crates/specforge-cli/tests/inspect_views.rs
expression: "normalized(result, root)"
---
{
  "coverage_status": "uncovered",
  "declared": false,
  "diagnostics": [
    {
      "code": "W002",
      "column": 1,
      "file": "main.spec",
      "line": 16,
      "message": "type 'Status' is not referenced by any behavior, port, or type",
      "origin": "@specforge/software",
      "severity": "Warning",
      "span": {
        "end_col": 32,
        "end_line": 16,
        "file": "main.spec",
        "start_col": 1,
        "start_line": 16
      },
      "suggestion": null,
      "title": "Unreferenced type"
    }
  ],
  "entity_id": "Status",
  "exempt": true,
  "fields": {
    "variants": [
      "active",
      "inactive"
    ]
  },
  "kind": "type",
  "obligated": true,
  "referenced_by": [],
  "refers_to": [],
  "source_extension": "@specforge/software",
  "source_span": {
    "end_col": 32,
    "end_line": 16,
    "file": "main.spec",
    "start_col": 1,
    "start_line": 16
  },
  "testable": true
}
