---
source: crates/specforge-cli/tests/read_views.rs
expression: "normalized(&result, root)"
---
[
  {
    "declared": false,
    "entity_id": "Status",
    "evidence_collected": false,
    "exempt": true,
    "kind": "type",
    "linked": false,
    "obligations": 0,
    "proven": 0,
    "status": "uncovered",
    "unproven": []
  }
]
