---
source: crates/specforge-cli/tests/read_views.rs
expression: "normalized(&json, root)"
---
{
  "declared_count": 1,
  "declared_pct": 20.0,
  "entities_by_kind": {
    "behavior": 3,
    "type": 3
  },
  "error_count": 0,
  "info_count": 0,
  "proof_pct": null,
  "testable_count": 5,
  "total_edges": 2,
  "total_entities": 6,
  "unconnected_count": 3,
  "verified_count": 1,
  "warning_count": 8
}
