---
source: crates/specforge-cli/tests/inspect_views.rs
expression: "normalized(result, root)"
---
{
  "coverage_status": "uncovered",
  "declared": false,
  "diagnostics": [
    {
      "code": "I048",
      "column": 1,
      "file": "main.spec",
      "line": 23,
      "message": "feature 'signin' has no acceptance criteria",
      "origin": "@specforge/product",
      "severity": "Info",
      "span": {
        "end_col": 2,
        "end_line": 26,
        "file": "main.spec",
        "start_col": 1,
        "start_line": 23
      },
      "suggestion": null,
      "title": "Feature without acceptance criteria"
    },
    {
      "code": "I080",
      "column": 1,
      "file": "main.spec",
      "line": 23,
      "message": "feature 'signin' has no owner",
      "origin": "@specforge/product",
      "severity": "Info",
      "span": {
        "end_col": 2,
        "end_line": 26,
        "file": "main.spec",
        "start_col": 1,
        "start_line": 23
      },
      "suggestion": null,
      "title": "Entity without owner"
    },
    {
      "code": "I081",
      "column": 1,
      "file": "main.spec",
      "line": 23,
      "message": "feature 'signin' has no effort estimate",
      "origin": "@specforge/product",
      "severity": "Info",
      "span": {
        "end_col": 2,
        "end_line": 26,
        "file": "main.spec",
        "start_col": 1,
        "start_line": 23
      },
      "suggestion": null,
      "title": "Feature without effort estimate"
    }
  ],
  "entity_id": "signin",
  "exempt": false,
  "fields": {
    "problem": "Users cannot reach their data",
    "solution": "Let them log in"
  },
  "kind": "feature",
  "obligated": false,
  "reference_count": 1,
  "referenced_by": [
    "login"
  ],
  "references": [
    "login"
  ],
  "refers_to": [],
  "source_extension": "@specforge/product",
  "source_span": {
    "end_col": 2,
    "end_line": 26,
    "file": "main.spec",
    "start_col": 1,
    "start_line": 23
  },
  "testable": false,
  "title": "Sign in"
}
