---
source: crates/specforge-cli/tests/extension_surfaces.rs
expression: help
---
List milestones: each milestone's id, title, status, target date, feature count, priority and tags, filtered (every filter set must match), sorted (by id unless --sort-by says otherwise) and paged, with the total before paging.

Usage: specforge product milestones [OPTIONS]

Options:
      --status <STATUS>
          Only milestones with this status: planned (also a milestone without one), in_progress, completed or blocked
          
          [possible values: planned, in_progress, completed, blocked]

      --priority <PRIORITY>
          Only milestones with this priority: critical, high, medium, low
          
          [possible values: critical, high, medium, low]

      --tags <TAGS>
          Only milestones with at least one of these tags (comma-separated)

      --sort-by <SORT_BY>
          The field to sort by (default id): id, title or a field a milestone declares; ties by id

      --sort-order <SORT_ORDER>
          asc (the default) or desc
          
          [possible values: asc, desc]

      --limit <LIMIT>
          Return at most this many (default 100, clamped to 1-1000)

      --offset <OFFSET>
          Skip this many first (default 0)

      --path <PATH>
          Path to the project
          
          [default: .]

      --format <FORMAT>
          Output format
          
          [default: human]
          [possible values: human, json]

  -h, --help
          Print help (see a summary with '-h')
