---
source: crates/specforge-cli/tests/parity.rs
expression: mcp_snap
---
{
  "check": {
    "diagnostics": [],
    "ok": true
  },
  "config": {
    "extensions": [
      "@specforge/software"
    ],
    "name": "demo",
    "registries": [
      {
        "alias": "offline",
        "default_registry": true,
        "url": "http://127.0.0.1:9/v1"
      }
    ],
    "spec_root": "spec",
    "version": "0.1.0"
  },
  "files": {
    "spec/main.spec": "behavior alpha \"Alpha\" {\n  category \"core\"\n  contract \"The system MUST work\"\n}\n"
  },
  "ok": true,
  "payload": {
    "ok": true,
    "passes": [
      {
        "findings": [
          {
            "code": "A010",
            "column": 1,
            "file": "main.spec",
            "line": 1,
            "message": "behavior 'alpha' declares no contract obligations",
            "severity": "Info",
            "span": {
              "end_col": 2,
              "end_line": 4,
              "file": "main.spec",
              "start_col": 1,
              "start_line": 1
            },
            "suggestion": "add requires/ensures/maintains references (registered for 'behavior': invariants)",
            "title": "Entity without contract obligations"
          }
        ],
        "pass": "contracts",
        "summary": {
          "contract_entities": 0,
          "obligation_references": 0,
          "unconstrained_entities": 1
        }
      }
    ]
  }
}
