---
source: crates/specforge-cli/tests/inspect_views.rs
expression: markdown
---
**W006** · Behavior missing category

behavior 'login' has no category — agents use category for task routing

A `behavior` entity has no `category` field, which agents rely on for task routing. Add a `category` field to the behavior.

[Documentation](https://github.com/leaderiop/SpecForge/blob/main/docs/diagnostics.md#w006)

---

**behavior** `login` — Log in

A testable unit of system functionality with a defined contract
*@specforge/software* · `testable` · `verify`

> The system MUST let a known user log in

---

**Coverage** · `covered` · 1/1 obligations proven · 1 test

---

**Refers to** *(1)*
- `features` → signin

---

**Fields**
- `features` = [signin]
- `verify` = unit: a known user logs in
